Component: Arm Compiler for Embedded 6.18 Tool: armlink [5e4cc100]

==============================================================================

Section Cross References

    main.o(.text.main) refers to led.o(.text.LED_Init) for LED_Init
    main.o(.text.main) refers to systick.o(.text.Systick_Init) for Systick_Init
    main.o(.text.main) refers to uart.o(.text.Uart_Init) for Uart_Init
    main.o(.text.main) refers to task.o(.text.TaskProcess) for TaskProcess
    main.o(.ARM.exidx.text.main) refers to main.o(.text.main) for [Anonymous Symbol]
    pt32f0xx_it.o(.ARM.exidx.text.NMI_Handler) refers to pt32f0xx_it.o(.text.NMI_Handler) for [Anonymous Symbol]
    pt32f0xx_it.o(.ARM.exidx.text.HardFault_Handler) refers to pt32f0xx_it.o(.text.HardFault_Handler) for [Anonymous Symbol]
    pt32f0xx_it.o(.ARM.exidx.text.SVC_Handler) refers to pt32f0xx_it.o(.text.SVC_Handler) for [Anonymous Symbol]
    pt32f0xx_it.o(.ARM.exidx.text.PendSV_Handler) refers to pt32f0xx_it.o(.text.PendSV_Handler) for [Anonymous Symbol]
    pt32f0xx_it.o(.text.SysTick_Handler) refers to task.o(.text.TaskRemarks) for TaskRemarks
    pt32f0xx_it.o(.ARM.exidx.text.SysTick_Handler) refers to pt32f0xx_it.o(.text.SysTick_Handler) for [Anonymous Symbol]
    pt32f0xx_it.o(.ARM.exidx.text.SWDG_Handler) refers to pt32f0xx_it.o(.text.SWDG_Handler) for [Anonymous Symbol]
    pt32f0xx_it.o(.ARM.exidx.text.CLK_FAIL_Handler) refers to pt32f0xx_it.o(.text.CLK_FAIL_Handler) for [Anonymous Symbol]
    pt32f0xx_it.o(.ARM.exidx.text.FLASH_Handler) refers to pt32f0xx_it.o(.text.FLASH_Handler) for [Anonymous Symbol]
    pt32f0xx_it.o(.text.PA_Handler) refers to pt32f0xx_gpio.o(.text.GPIO_GetFlagStatus) for GPIO_GetFlagStatus
    pt32f0xx_it.o(.text.PA_Handler) refers to pt32f0xx_gpio.o(.text.GPIO_ClearFlag) for GPIO_ClearFlag
    pt32f0xx_it.o(.text.PA_Handler) refers to pt32f0xx_pwm.o(.text.PWM_Cmd) for PWM_Cmd
    pt32f0xx_it.o(.text.PA_Handler) refers to led.o(.text.TaskDisplayLED_R) for TaskDisplayLED_R
    pt32f0xx_it.o(.ARM.exidx.text.PA_Handler) refers to pt32f0xx_it.o(.text.PA_Handler) for [Anonymous Symbol]
    pt32f0xx_it.o(.ARM.exidx.text.PB_Handler) refers to pt32f0xx_it.o(.text.PB_Handler) for [Anonymous Symbol]
    pt32f0xx_it.o(.ARM.exidx.text.PF_Handler) refers to pt32f0xx_it.o(.text.PF_Handler) for [Anonymous Symbol]
    pt32f0xx_it.o(.ARM.exidx.text.Comparator0_Handler) refers to pt32f0xx_it.o(.text.Comparator0_Handler) for [Anonymous Symbol]
    pt32f0xx_it.o(.ARM.exidx.text.Comparator1_Handler) refers to pt32f0xx_it.o(.text.Comparator1_Handler) for [Anonymous Symbol]
    pt32f0xx_it.o(.ARM.exidx.text.ADC_Handler) refers to pt32f0xx_it.o(.text.ADC_Handler) for [Anonymous Symbol]
    pt32f0xx_it.o(.ARM.exidx.text.SPI0_Handler) refers to pt32f0xx_it.o(.text.SPI0_Handler) for [Anonymous Symbol]
    pt32f0xx_it.o(.ARM.exidx.text.SPI1_Handler) refers to pt32f0xx_it.o(.text.SPI1_Handler) for [Anonymous Symbol]
    pt32f0xx_it.o(.ARM.exidx.text.UART0_Handler) refers to pt32f0xx_it.o(.text.UART0_Handler) for [Anonymous Symbol]
    pt32f0xx_it.o(.ARM.exidx.text.UART1_Handler) refers to pt32f0xx_it.o(.text.UART1_Handler) for [Anonymous Symbol]
    pt32f0xx_it.o(.ARM.exidx.text.I2C0_Handler) refers to pt32f0xx_it.o(.text.I2C0_Handler) for [Anonymous Symbol]
    pt32f0xx_it.o(.ARM.exidx.text.I2C1_Handler) refers to pt32f0xx_it.o(.text.I2C1_Handler) for [Anonymous Symbol]
    pt32f0xx_it.o(.ARM.exidx.text.LED_Handler) refers to pt32f0xx_it.o(.text.LED_Handler) for [Anonymous Symbol]
    pt32f0xx_it.o(.ARM.exidx.text.TIMER0_Handler) refers to pt32f0xx_it.o(.text.TIMER0_Handler) for [Anonymous Symbol]
    pt32f0xx_it.o(.text.TIMER1_Handler) refers to pt32f0xx_pwm.o(.text.PWM_GetFlagStatus) for PWM_GetFlagStatus
    pt32f0xx_it.o(.text.TIMER1_Handler) refers to pt32f0xx_pwm.o(.text.PWM_ClearFlag) for PWM_ClearFlag
    pt32f0xx_it.o(.text.TIMER1_Handler) refers to pt32f0xx_pwm.o(.text.PWM_GetCaptureCounter) for PWM_GetCaptureCounter
    pt32f0xx_it.o(.text.TIMER1_Handler) refers to pt32f0xx_pwm.o(.text.PWM_Cmd) for PWM_Cmd
    pt32f0xx_it.o(.text.TIMER1_Handler) refers to dflti.o(.text) for __aeabi_ui2d
    pt32f0xx_it.o(.text.TIMER1_Handler) refers to dmul.o(.text) for __aeabi_dmul
    pt32f0xx_it.o(.text.TIMER1_Handler) refers to daddsub.o(.text) for __aeabi_dadd
    pt32f0xx_it.o(.text.TIMER1_Handler) refers to dfixi.o(.text) for __aeabi_d2iz
    pt32f0xx_it.o(.text.TIMER1_Handler) refers to pt32f0xx_uart.o(.text.UART_SendData) for UART_SendData
    pt32f0xx_it.o(.text.TIMER1_Handler) refers to pt32f0xx_it.o(.bss.IntOverflowCount) for IntOverflowCount
    pt32f0xx_it.o(.ARM.exidx.text.TIMER1_Handler) refers to pt32f0xx_it.o(.text.TIMER1_Handler) for [Anonymous Symbol]
    pt32f0xx_it.o(.ARM.exidx.text.TIMER2_Handler) refers to pt32f0xx_it.o(.text.TIMER2_Handler) for [Anonymous Symbol]
    pt32f0xx_it.o(.text.TIMER3_Handler) refers to pt32f0xx_tim.o(.text.TIM_GetFlagStatus) for TIM_GetFlagStatus
[...]
    Removing pt32f0xx_gpio.o(.ARM.exidx.text.GPIO_ITConfig), (8 bytes).
    Removing pt32f0xx_gpio.o(.text.GPIO_TriTypeConfig), (150 bytes).
    Removing pt32f0xx_gpio.o(.ARM.exidx.text.GPIO_TriTypeConfig), (8 bytes).
    Removing pt32f0xx_gpio.o(.ARM.exidx.text.GPIO_GetFlagStatus), (8 bytes).
    Removing pt32f0xx_gpio.o(.ARM.exidx.text.GPIO_ClearFlag), (8 bytes).
    Removing pt32f0xx_gpio.o(.text.GPIO_GetITStatus), (68 bytes).
    Removing pt32f0xx_gpio.o(.ARM.exidx.text.GPIO_GetITStatus), (8 bytes).
    Removing pt32f0xx_gpio.o(.text.GPIO_ClearITPendingBit), (16 bytes).
    Removing pt32f0xx_gpio.o(.ARM.exidx.text.GPIO_ClearITPendingBit), (8 bytes).
    Removing pt32f0xx_adc.o(.text), (0 bytes).
    Removing pt32f0xx_adc.o(.text.ADC_Init), (68 bytes).
    Removing pt32f0xx_adc.o(.ARM.exidx.text.ADC_Init), (8 bytes).
    Removing pt32f0xx_adc.o(.text.ADC_StructInit), (26 bytes).
    Removing pt32f0xx_adc.o(.ARM.exidx.text.ADC_StructInit), (8 bytes).
    Removing pt32f0xx_adc.o(.text.ADC_Cmd), (44 bytes).
    Removing pt32f0xx_adc.o(.ARM.exidx.text.ADC_Cmd), (8 bytes).
    Removing pt32f0xx_adc.o(.text.ADC_ClockModeConfig), (32 bytes).
    Removing pt32f0xx_adc.o(.ARM.exidx.text.ADC_ClockModeConfig), (8 bytes).
    Removing pt32f0xx_adc.o(.text.ADC_HighSampModeCmd), (44 bytes).
    Removing pt32f0xx_adc.o(.ARM.exidx.text.ADC_HighSampModeCmd), (8 bytes).
    Removing pt32f0xx_adc.o(.text.ADC_ChannelConfig), (32 bytes).
    Removing pt32f0xx_adc.o(.ARM.exidx.text.ADC_ChannelConfig), (8 bytes).
    Removing pt32f0xx_adc.o(.text.ADC_ContinuousModeCmd), (44 bytes).
    Removing pt32f0xx_adc.o(.ARM.exidx.text.ADC_ContinuousModeCmd), (8 bytes).
    Removing pt32f0xx_adc.o(.text.ADC_GetCalibrationFactor), (212 bytes).
    Removing pt32f0xx_adc.o(.ARM.exidx.text.ADC_GetCalibrationFactor), (8 bytes).
    Removing pt32f0xx_adc.o(.text.ADC_StopOfConversion), (20 bytes).
    Removing pt32f0xx_adc.o(.ARM.exidx.text.ADC_StopOfConversion), (8 bytes).
    Removing pt32f0xx_adc.o(.text.ADC_StartOfConversion), (20 bytes).
    Removing pt32f0xx_adc.o(.ARM.exidx.text.ADC_StartOfConversion), (8 bytes).
    Removing pt32f0xx_adc.o(.text.ADC_GetConversionValue), (14 bytes).
    Removing pt32f0xx_adc.o(.ARM.exidx.text.ADC_GetConversionValue), (8 bytes).
    Removing pt32f0xx_adc.o(.text.ADC_ITConfig), (46 bytes).
    Removing pt32f0xx_adc.o(.ARM.exidx.text.ADC_ITConfig), (8 bytes).
    Removing pt32f0xx_adc.o(.text.ADC_GetFlagStatus), (48 bytes).
    Removing pt32f0xx_adc.o(.ARM.exidx.text.ADC_GetFlagStatus), (8 bytes).
    Removing pt32f0xx_adc.o(.text.ADC_ClearFlag), (16 bytes).
    Removing pt32f0xx_adc.o(.ARM.exidx.text.ADC_ClearFlag), (8 bytes).
    Removing pt32f0xx_adc.o(.text.ADC_GetITStatus), (68 bytes).
    Removing pt32f0xx_adc.o(.ARM.exidx.text.ADC_GetITStatus), (8 bytes).
    Removing pt32f0xx_ana.o(.text), (0 bytes).
    Removing pt32f0xx_ana.o(.text.AnaMix_EOSCAutoAmpConfig), (52 bytes).
    Removing pt32f0xx_ana.o(.ARM.exidx.text.AnaMix_EOSCAutoAmpConfig), (8 bytes).
    Removing pt32f0xx_beep.o(.text), (0 bytes).
    Removing pt32f0xx_beep.o(.text.Beep_Init), (56 bytes).
    Removing pt32f0xx_beep.o(.ARM.exidx.text.Beep_Init), (8 bytes).
    Removing pt32f0xx_beep.o(.text.Beep_Cmd), (48 bytes).
    Removing pt32f0xx_beep.o(.ARM.exidx.text.Beep_Cmd), (8 bytes).
    Removing pt32f0xx_beep.o(.text.Beep_PrescalerConfig), (48 bytes).
    Removing pt32f0xx_beep.o(.ARM.exidx.text.Beep_PrescalerConfig), (8 bytes).
    Removing pt32f0xx_beep.o(.text.Beep_SubDivConfig), (48 bytes).
    Removing pt32f0xx_beep.o(.ARM.exidx.text.Beep_SubDivConfig), (8 bytes).
    Removing pt32f0xx_cmp_opa.o(.text), (0 bytes).
    Removing pt32f0xx_cmp_opa.o(.text.CMP_Init), (66 bytes).
    Removing pt32f0xx_cmp_opa.o(.ARM.exidx.text.CMP_Init), (8 bytes).
    Removing pt32f0xx_cmp_opa.o(.text.CMP_StructInit), (26 bytes).
    Removing pt32f0xx_cmp_opa.o(.ARM.exidx.text.CMP_StructInit), (8 bytes).
    Removing pt32f0xx_cmp_opa.o(.text.CMPOPA_Cmd), (44 bytes).
    Removing pt32f0xx_cmp_opa.o(.ARM.exidx.text.CMPOPA_Cmd), (8 bytes).
    Removing pt32f0xx_cmp_opa.o(.text.CMPOPA_OPA_Config), (44 bytes).
    Removing pt32f0xx_cmp_opa.o(.ARM.exidx.text.CMPOPA_OPA_Config), (8 bytes).
    Removing pt32f0xx_cmp_opa.o(.text.CMPOPA_SetInitDelayValue), (16 bytes).
    Removing pt32f0xx_cmp_opa.o(.ARM.exidx.text.CMPOPA_SetInitDelayValue), (8 bytes).
    Removing pt32f0xx_cmp_opa.o(.text.CMP_SetDACValue), (16 bytes).
    Removing pt32f0xx_cmp_opa.o(.ARM.exidx.text.CMP_SetDACValue), (8 bytes).
    Removing pt32f0xx_cmp_opa.o(.text.CMP_ITConfig), (46 bytes).
    Removing pt32f0xx_cmp_opa.o(.ARM.exidx.text.CMP_ITConfig), (8 bytes).
    Removing pt32f0xx_cmp_opa.o(.text.CMP_GetFlagStatus), (48 bytes).
    Removing pt32f0xx_cmp_opa.o(.ARM.exidx.text.CMP_GetFlagStatus), (8 bytes).
    Removing pt32f0xx_cmp_opa.o(.text.CMP_ClearFlag), (16 bytes).
    Removing pt32f0xx_cmp_opa.o(.ARM.exidx.text.CMP_ClearFlag), (8 bytes).
    Removing pt32f0xx_cmp_opa.o(.text.CMP_GetITStatus), (68 bytes).
    Removing pt32f0xx_cmp_opa.o(.ARM.exidx.text.CMP_GetITStatus), (8 bytes).
    Removing pt32f0xx_crc.o(.text), (0 bytes).
    Removing pt32f0xx_crc.o(.text.CRC_Init), (104 bytes).
    Removing pt32f0xx_crc.o(.ARM.exidx.text.CRC_Init), (8 bytes).
    Removing pt32f0xx_crc.o(.text.CRC_Cmd), (52 bytes).
    Removing pt32f0xx_crc.o(.ARM.exidx.text.CRC_Cmd), (8 bytes).
    Removing pt32f0xx_crc.o(.text.CRC_ReloadSeed), (16 bytes).
    Removing pt32f0xx_crc.o(.ARM.exidx.text.CRC_ReloadSeed), (8 bytes).
    Removing pt32f0xx_crc.o(.text.CRC_CCITT), (96 bytes).
    Removing pt32f0xx_crc.o(.ARM.exidx.text.CRC_CCITT), (8 bytes).
    Removing pt32f0xx_crc.o(.text.CRC_16), (96 bytes).
    Removing pt32f0xx_crc.o(.ARM.exidx.text.CRC_16), (8 bytes).
    Removing pt32f0xx_crc.o(.text.CRC_ReverseOutputDataBitCmd), (48 bytes).
    Removing pt32f0xx_crc.o(.ARM.exidx.text.CRC_ReverseOutputDataBitCmd), (8 bytes).
    Removing pt32f0xx_crc.o(.text.CRC_ReverseInputDataBitCmd), (48 bytes).
    Removing pt32f0xx_crc.o(.ARM.exidx.text.CRC_ReverseInputDataBitCmd), (8 bytes).
    Removing pt32f0xx_crc.o(.text.CRC_ReverseInputDataCmd), (48 bytes).
    Removing pt32f0xx_crc.o(.ARM.exidx.text.CRC_ReverseInputDataCmd), (8 bytes).
    Removing pt32f0xx_crc.o(.text.CRC_Seed), (20 bytes).
    Removing pt32f0xx_crc.o(.ARM.exidx.text.CRC_Seed), (8 bytes).
    Removing pt32f0xx_crc.o(.text.CRC_SetPolynomial), (20 bytes).
    Removing pt32f0xx_crc.o(.ARM.exidx.text.CRC_SetPolynomial), (8 bytes).
    Removing pt32f0xx_crc.o(.text.CRC_CalcCRC16bits), (28 bytes).
    Removing pt32f0xx_crc.o(.ARM.exidx.text.CRC_CalcCRC16bits), (8 bytes).
    Removing pt32f0xx_crc.o(.text.CRC_CalcCRC8bits), (28 bytes).
    Removing pt32f0xx_crc.o(.ARM.exidx.text.CRC_CalcCRC8bits), (8 bytes).
    Removing pt32f0xx_crc.o(.text.CRC_CalcBlockCRC), (64 bytes).
    Removing pt32f0xx_crc.o(.ARM.exidx.text.CRC_CalcBlockCRC), (8 bytes).
    Removing pt32f0xx_crc.o(.text.CRC_GetCRC), (12 bytes).
    Removing pt32f0xx_crc.o(.ARM.exidx.text.CRC_GetCRC), (8 bytes).
    Removing pt32f0xx_flash.o(.text), (0 bytes).
    Removing pt32f0xx_flash.o(.text.FLASH_SetLatency), (48 bytes).
    Removing pt32f0xx_flash.o(.ARM.exidx.text.FLASH_SetLatency), (8 bytes).
    Removing pt32f0xx_flash.o(.text.FLASH_ErasePage), (192 bytes).
    Removing pt32f0xx_flash.o(.ARM.exidx.text.FLASH_ErasePage), (8 bytes).
    Removing pt32f0xx_flash.o(.text.FLASH_WaitForLastOperation), (98 bytes).
    Removing pt32f0xx_flash.o(.ARM.exidx.text.FLASH_WaitForLastOperation), (8 bytes).
    Removing pt32f0xx_flash.o(.text.FLASH_EraseAllPages), (136 bytes).
    Removing pt32f0xx_flash.o(.ARM.exidx.text.FLASH_EraseAllPages), (8 bytes).
    Removing pt32f0xx_flash.o(.text.FLASH_ProgramWord), (228 bytes).
    Removing pt32f0xx_flash.o(.ARM.exidx.text.FLASH_ProgramWord), (8 bytes).
    Removing pt32f0xx_flash.o(.text.FLASH_ReadWord), (12 bytes).
    Removing pt32f0xx_flash.o(.ARM.exidx.text.FLASH_ReadWord), (8 bytes).
    Removing pt32f0xx_flash.o(.text.FLASH_ReadHalfWord), (12 bytes).
    Removing pt32f0xx_flash.o(.ARM.exidx.text.FLASH_ReadHalfWord), (8 bytes).
    Removing pt32f0xx_flash.o(.text.FLASH_ReadByte), (12 bytes).
    Removing pt32f0xx_flash.o(.ARM.exidx.text.FLASH_ReadByte), (8 bytes).
    Removing pt32f0xx_flash.o(.text.FLASH_ITConfig), (48 bytes).
    Removing pt32f0xx_flash.o(.ARM.exidx.text.FLASH_ITConfig), (8 bytes).
    Removing pt32f0xx_flash.o(.text.FLASH_GetFlagStatus), (52 bytes).
    Removing pt32f0xx_flash.o(.ARM.exidx.text.FLASH_GetFlagStatus), (8 bytes).
    Removing pt32f0xx_flash.o(.text.FLASH_ClearFlag), (20 bytes).
    Removing pt32f0xx_flash.o(.ARM.exidx.text.FLASH_ClearFlag), (8 bytes).
    Removing pt32f0xx_flash.o(.text.FLASH_GetStatus), (92 bytes).
    Removing pt32f0xx_flash.o(.ARM.exidx.text.FLASH_GetStatus), (8 bytes).
    Removing pt32f0xx_i2c.o(.text), (0 bytes).
    Removing pt32f0xx_i2c.o(.text.I2C_Init), (118 bytes).
    Removing pt32f0xx_i2c.o(.ARM.exidx.text.I2C_Init), (8 bytes).
    Removing pt32f0xx_i2c.o(.text.I2C_StructInit), (24 bytes).
    Removing pt32f0xx_i2c.o(.ARM.exidx.text.I2C_StructInit), (8 bytes).
    Removing pt32f0xx_i2c.o(.text.I2C_Cmd), (36 bytes).
    Removing pt32f0xx_i2c.o(.ARM.exidx.text.I2C_Cmd), (8 bytes).
    Removing pt32f0xx_i2c.o(.text.I2C_GeneralCallCmd), (44 bytes).
    Removing pt32f0xx_i2c.o(.ARM.exidx.text.I2C_GeneralCallCmd), (8 bytes).
    Removing pt32f0xx_i2c.o(.text.I2C_SlaveAddressConfig), (24 bytes).
    Removing pt32f0xx_i2c.o(.ARM.exidx.text.I2C_SlaveAddressConfig), (8 bytes).
    Removing pt32f0xx_i2c.o(.text.I2C_GenerateSTART), (42 bytes).
    Removing pt32f0xx_i2c.o(.ARM.exidx.text.I2C_GenerateSTART), (8 bytes).
    Removing pt32f0xx_i2c.o(.text.I2C_GenerateSTOP), (42 bytes).
    Removing pt32f0xx_i2c.o(.ARM.exidx.text.I2C_GenerateSTOP), (8 bytes).
    Removing pt32f0xx_i2c.o(.text.I2C_AcknowledgeConfig), (36 bytes).
    Removing pt32f0xx_i2c.o(.ARM.exidx.text.I2C_AcknowledgeConfig), (8 bytes).
    Removing pt32f0xx_i2c.o(.text.I2C_SendData), (24 bytes).
    Removing pt32f0xx_i2c.o(.ARM.exidx.text.I2C_SendData), (8 bytes).
    Removing pt32f0xx_i2c.o(.text.I2C_ReceiveData), (14 bytes).
    Removing pt32f0xx_i2c.o(.ARM.exidx.text.I2C_ReceiveData), (8 bytes).
    Removing pt32f0xx_i2c.o(.text.I2C_GetStatus), (12 bytes).
    Removing pt32f0xx_i2c.o(.ARM.exidx.text.I2C_GetStatus), (8 bytes).
    Removing pt32f0xx_i2c.o(.text.I2C_TransferHandling), (1532 bytes).
    Removing pt32f0xx_i2c.o(.ARM.exidx.text.I2C_TransferHandling), (8 bytes).
    Removing pt32f0xx_i2c.o(.text.I2C_StartHandling), (108 bytes).
    Removing pt32f0xx_i2c.o(.ARM.exidx.text.I2C_StartHandling), (8 bytes).
    Removing pt32f0xx_i2c.o(.text.I2C_StopHandling), (116 bytes).
    Removing pt32f0xx_i2c.o(.ARM.exidx.text.I2C_StopHandling), (8 bytes).
    Removing pt32f0xx_i2c.o(.text.i2cInit), (72 bytes).
    Removing pt32f0xx_i2c.o(.ARM.exidx.text.i2cInit), (8 bytes).
    Removing pt32f0xx_i2c.o(.text.__NVIC_EnableIRQ), (44 bytes).
    Removing pt32f0xx_i2c.o(.ARM.exidx.text.__NVIC_EnableIRQ), (8 bytes).
    Removing pt32f0xx_i2c.o(.text.i2cEngine), (156 bytes).
    Removing pt32f0xx_i2c.o(.ARM.exidx.text.i2cEngine), (8 bytes).
    Removing pt32f0xx_i2c.o(.bss.I2CMasterState), (4 bytes).
    Removing pt32f0xx_i2c.o(.bss.I2CSlaveState), (4 bytes).
    Removing pt32f0xx_i2c.o(.bss.WrIndex), (4 bytes).
    Removing pt32f0xx_i2c.o(.bss.I2CMasterBuffer), (9 bytes).
    Removing pt32f0xx_i2c.o(.bss.RdIndex), (4 bytes).
    Removing pt32f0xx_i2c.o(.bss.I2CWriteLength), (4 bytes).
    Removing pt32f0xx_i2c.o(.bss.I2CReadLength), (4 bytes).
    Removing pt32f0xx_i2c.o(.bss.I2CSlaveBuffer), (9 bytes).
    Removing pt32f0xx_i2c.o(.bss.I2CRdBuffer), (9 bytes).
    Removing pt32f0xx_i2c.o(.bss._I2cMode), (4 bytes).
    Removing pt32f0xx_i2c.o(.bss.I2CWrBuffer), (9 bytes).
    Removing pt32f0xx_misc.o(.text), (0 bytes).
    Removing pt32f0xx_misc.o(.text.NVIC_Init), (144 bytes).
    Removing pt32f0xx_misc.o(.ARM.exidx.text.NVIC_Init), (8 bytes).
    Removing pt32f0xx_misc.o(.text.NVIC_SystemLPConfig), (56 bytes).
    Removing pt32f0xx_misc.o(.ARM.exidx.text.NVIC_SystemLPConfig), (8 bytes).
    Removing pt32f0xx_pwm.o(.text), (0 bytes).
    Removing pt32f0xx_pwm.o(.text.PMW_TimeBaseInit), (84 bytes).
    Removing pt32f0xx_pwm.o(.ARM.exidx.text.PMW_TimeBaseInit), (8 bytes).
    Removing pt32f0xx_pwm.o(.text.PWM_OutputInit), (170 bytes).
    Removing pt32f0xx_pwm.o(.ARM.exidx.text.PWM_OutputInit), (8 bytes).
    Removing pt32f0xx_pwm.o(.text.PWM_TimeBaseStructInit), (36 bytes).
    Removing pt32f0xx_pwm.o(.ARM.exidx.text.PWM_TimeBaseStructInit), (8 bytes).
    Removing pt32f0xx_pwm.o(.text.PWM_INT_RepeatTimes), (18 bytes).
    Removing pt32f0xx_pwm.o(.ARM.exidx.text.PWM_INT_RepeatTimes), (8 bytes).
    Removing pt32f0xx_pwm.o(.text.PWM_ClockSourceConfig), (44 bytes).
    Removing pt32f0xx_pwm.o(.ARM.exidx.text.PWM_ClockSourceConfig), (8 bytes).
    Removing pt32f0xx_pwm.o(.text.PWM_PrescalerConfig), (18 bytes).
    Removing pt32f0xx_pwm.o(.ARM.exidx.text.PWM_PrescalerConfig), (8 bytes).
    Removing pt32f0xx_pwm.o(.text.PWM_SetCounterReload), (18 bytes).
    Removing pt32f0xx_pwm.o(.ARM.exidx.text.PWM_SetCounterReload), (8 bytes).
    Removing pt32f0xx_pwm.o(.text.PWM_SetCounter), (18 bytes).
    Removing pt32f0xx_pwm.o(.ARM.exidx.text.PWM_SetCounter), (8 bytes).
    Removing pt32f0xx_pwm.o(.text.PWM_GetCounter), (14 bytes).
    Removing pt32f0xx_pwm.o(.ARM.exidx.text.PWM_GetCounter), (8 bytes).
    Removing pt32f0xx_pwm.o(.text.PWM_GetINT_RepeatTimes), (14 bytes).
    Removing pt32f0xx_pwm.o(.ARM.exidx.text.PWM_GetINT_RepeatTimes), (8 bytes).
    Removing pt32f0xx_pwm.o(.text.PWM_GetPrescaler), (14 bytes).
    Removing pt32f0xx_pwm.o(.ARM.exidx.text.PWM_GetPrescaler), (8 bytes).
    Removing pt32f0xx_pwm.o(.text.PWM_GetPrescalerCnt), (14 bytes).
    Removing pt32f0xx_pwm.o(.ARM.exidx.text.PWM_GetPrescalerCnt), (8 bytes).
    Removing pt32f0xx_pwm.o(.text.PWM_CounterModeConfig), (58 bytes).
    Removing pt32f0xx_pwm.o(.ARM.exidx.text.PWM_CounterModeConfig), (8 bytes).
    Removing pt32f0xx_pwm.o(.text.PWM_UpdateCmd), (18 bytes).
    Removing pt32f0xx_pwm.o(.ARM.exidx.text.PWM_UpdateCmd), (8 bytes).
    Removing pt32f0xx_pwm.o(.ARM.exidx.text.PWM_Cmd), (8 bytes).
    Removing pt32f0xx_pwm.o(.text.PWM_BreakInput_Cmd), (48 bytes).
    Removing pt32f0xx_pwm.o(.ARM.exidx.text.PWM_BreakInput_Cmd), (8 bytes).
    Removing pt32f0xx_pwm.o(.text.PWM_BKI_LevelConfig), (44 bytes).
    Removing pt32f0xx_pwm.o(.ARM.exidx.text.PWM_BKI_LevelConfig), (8 bytes).
    Removing pt32f0xx_pwm.o(.text.PWM_IntConfig), (196 bytes).
    Removing pt32f0xx_pwm.o(.ARM.exidx.text.PWM_IntConfig), (8 bytes).
    Removing pt32f0xx_pwm.o(.ARM.exidx.text.PWM_GetFlagStatus), (8 bytes).
    Removing pt32f0xx_pwm.o(.ARM.exidx.text.PWM_ClearFlag), (8 bytes).
    Removing pt32f0xx_pwm.o(.text.PWM_RE_CaptureConfig), (80 bytes).
    Removing pt32f0xx_pwm.o(.ARM.exidx.text.PWM_RE_CaptureConfig), (8 bytes).
    Removing pt32f0xx_pwm.o(.text.PWM_FE_CaptureConfig), (80 bytes).
    Removing pt32f0xx_pwm.o(.ARM.exidx.text.PWM_FE_CaptureConfig), (8 bytes).
    Removing pt32f0xx_pwm.o(.text.PWM_RST_CaptureConfig), (80 bytes).
    Removing pt32f0xx_pwm.o(.ARM.exidx.text.PWM_RST_CaptureConfig), (8 bytes).
    Removing pt32f0xx_pwm.o(.ARM.exidx.text.PWM_GetCaptureCounter), (8 bytes).
    Removing pt32f0xx_pwm.o(.text.PWM_GetCaptureEdge), (108 bytes).
    Removing pt32f0xx_pwm.o(.ARM.exidx.text.PWM_GetCaptureEdge), (8 bytes).
    Removing pt32f0xx_pwm.o(.text.PWM_OD_Config), (58 bytes).
    Removing pt32f0xx_pwm.o(.ARM.exidx.text.PWM_OD_Config), (8 bytes).
    Removing pt32f0xx_pwm.o(.text.PWM_IDLE_Config), (56 bytes).
    Removing pt32f0xx_pwm.o(.ARM.exidx.text.PWM_IDLE_Config), (8 bytes).
    Removing pt32f0xx_pwm.o(.text.PWM_CHN_Config), (56 bytes).
    Removing pt32f0xx_pwm.o(.ARM.exidx.text.PWM_CHN_Config), (8 bytes).
    Removing pt32f0xx_pwm.o(.text.PWM_DT_Config), (22 bytes).
    Removing pt32f0xx_pwm.o(.ARM.exidx.text.PWM_DT_Config), (8 bytes).
    Removing pt32f0xx_pwm.o(.text.PWM_SetCompare), (94 bytes).
    Removing pt32f0xx_pwm.o(.ARM.exidx.text.PWM_SetCompare), (8 bytes).
    Removing pt32f0xx_pwr.o(.text), (0 bytes).
    Removing pt32f0xx_pwr.o(.text.PWR_PVDLevelConfig), (44 bytes).
    Removing pt32f0xx_pwr.o(.ARM.exidx.text.PWR_PVDLevelConfig), (8 bytes).
    Removing pt32f0xx_pwr.o(.text.PWR_LVDLevelConfig), (20 bytes).
    Removing pt32f0xx_pwr.o(.ARM.exidx.text.PWR_LVDLevelConfig), (8 bytes).
    Removing pt32f0xx_pwr.o(.text.PWR_PVDCmd), (48 bytes).
    Removing pt32f0xx_pwr.o(.ARM.exidx.text.PWR_PVDCmd), (8 bytes).
    Removing pt32f0xx_pwr.o(.text.PWR_EnterSleepMode), (48 bytes).
    Removing pt32f0xx_pwr.o(.ARM.exidx.text.PWR_EnterSleepMode), (8 bytes).
    Removing pt32f0xx_pwr.o(.text.PWR_EnterSTANDBYMode), (44 bytes).
    Removing pt32f0xx_pwr.o(.ARM.exidx.text.PWR_EnterSTANDBYMode), (8 bytes).
    Removing pt32f0xx_retarget.o(.text), (0 bytes).
    Removing pt32f0xx_retarget.o(.text.__backspace), (10 bytes).
    Removing pt32f0xx_retarget.o(.ARM.exidx.text.__backspace), (8 bytes).
    Removing pt32f0xx_retarget.o(.text.fputc), (20 bytes).
    Removing pt32f0xx_retarget.o(.ARM.exidx.text.fputc), (8 bytes).
    Removing pt32f0xx_retarget.o(.text.fgetc), (14 bytes).
    Removing pt32f0xx_retarget.o(.ARM.exidx.text.fgetc), (8 bytes).
    Removing pt32f0xx_retarget.o(.ARM.exidx.text._sys_exit), (8 bytes).
    Removing pt32f0xx_serial.o(.text), (0 bytes).
    Removing pt32f0xx_serial.o(.text.SERIAL_PutChar), (44 bytes).
    Removing pt32f0xx_serial.o(.ARM.exidx.text.SERIAL_PutChar), (8 bytes).
    Removing pt32f0xx_serial.o(.text.SERIAL_GetChar), (32 bytes).
    Removing pt32f0xx_serial.o(.ARM.exidx.text.SERIAL_GetChar), (8 bytes).
    Removing pt32f0xx_spi.o(.text), (0 bytes).
    Removing pt32f0xx_spi.o(.text.SPI_StructInit), (44 bytes).
    Removing pt32f0xx_spi.o(.ARM.exidx.text.SPI_StructInit), (8 bytes).
    Removing pt32f0xx_spi.o(.text.SPI_Init), (124 bytes).
    Removing pt32f0xx_spi.o(.ARM.exidx.text.SPI_Init), (8 bytes).
    Removing pt32f0xx_spi.o(.text.SPI_Cmd), (48 bytes).
    Removing pt32f0xx_spi.o(.ARM.exidx.text.SPI_Cmd), (8 bytes).
    Removing pt32f0xx_spi.o(.text.SPI_TIModeCmd), (60 bytes).
    Removing pt32f0xx_spi.o(.ARM.exidx.text.SPI_TIModeCmd), (8 bytes).
    Removing pt32f0xx_spi.o(.text.SPI_MicroWireModeCmd), (60 bytes).
    Removing pt32f0xx_spi.o(.ARM.exidx.text.SPI_MicroWireModeCmd), (8 bytes).
    Removing pt32f0xx_spi.o(.text.SPI_DataSizeConfig), (46 bytes).
    Removing pt32f0xx_spi.o(.ARM.exidx.text.SPI_DataSizeConfig), (8 bytes).
    Removing pt32f0xx_spi.o(.text.SPI_NSSInternalSoftwareConfig), (52 bytes).
    Removing pt32f0xx_spi.o(.ARM.exidx.text.SPI_NSSInternalSoftwareConfig), (8 bytes).
    Removing pt32f0xx_spi.o(.text.SPI_SendData8), (32 bytes).
    Removing pt32f0xx_spi.o(.ARM.exidx.text.SPI_SendData8), (8 bytes).
    Removing pt32f0xx_spi.o(.text.SPI_ReceiveData8), (26 bytes).
    Removing pt32f0xx_spi.o(.ARM.exidx.text.SPI_ReceiveData8), (8 bytes).
    Removing pt32f0xx_spi.o(.text.SPI_SendData), (18 bytes).
    Removing pt32f0xx_spi.o(.ARM.exidx.text.SPI_SendData), (8 bytes).
    Removing pt32f0xx_spi.o(.text.SPI_ReceiveData), (14 bytes).
    Removing pt32f0xx_spi.o(.ARM.exidx.text.SPI_ReceiveData), (8 bytes).
    Removing pt32f0xx_spi.o(.text.SPI_ITConfig), (54 bytes).
    Removing pt32f0xx_spi.o(.ARM.exidx.text.SPI_ITConfig), (8 bytes).
    Removing pt32f0xx_spi.o(.text.SPI_GetFlagStatus), (56 bytes).
    Removing pt32f0xx_spi.o(.ARM.exidx.text.SPI_GetFlagStatus), (8 bytes).
    Removing pt32f0xx_spi.o(.text.SPI_ClearFlag), (22 bytes).
    Removing pt32f0xx_spi.o(.ARM.exidx.text.SPI_ClearFlag), (8 bytes).
    Removing pt32f0xx_spi.o(.text.SPI_GetITStatus), (68 bytes).
    Removing pt32f0xx_spi.o(.ARM.exidx.text.SPI_GetITStatus), (8 bytes).
    Removing pt32f0xx_sys.o(.text), (0 bytes).
    Removing pt32f0xx_sys.o(.ARM.exidx.text.System_GetClocksFreq), (8 bytes).
    Removing pt32f0xx_sys.o(.text.System_GetRemapStatus), (48 bytes).
    Removing pt32f0xx_sys.o(.ARM.exidx.text.System_GetRemapStatus), (8 bytes).
    Removing pt32f0xx_sys.o(.text.System_GetFlashProtectStatus), (48 bytes).
    Removing pt32f0xx_sys.o(.ARM.exidx.text.System_GetFlashProtectStatus), (8 bytes).
    Removing pt32f0xx_sys.o(.text.System_ResetRemapBit), (12 bytes).
    Removing pt32f0xx_sys.o(.ARM.exidx.text.System_ResetRemapBit), (8 bytes).
    Removing pt32f0xx_sys.o(.text.System_Retriming), (16 bytes).
    Removing pt32f0xx_sys.o(.ARM.exidx.text.System_Retriming), (8 bytes).
    Removing pt32f0xx_sys.o(.text.System_GetResetFlagStatus), (56 bytes).
    Removing pt32f0xx_sys.o(.ARM.exidx.text.System_GetResetFlagStatus), (8 bytes).
    Removing pt32f0xx_sys.o(.text.System_ClearResetFlag), (28 bytes).
    Removing pt32f0xx_sys.o(.ARM.exidx.text.System_ClearResetFlag), (8 bytes).
    Removing pt32f0xx_sys.o(.text.System_ClearAllResetFlag), (12 bytes).
    Removing pt32f0xx_sys.o(.ARM.exidx.text.System_ClearAllResetFlag), (8 bytes).
    Removing pt32f0xx_sys.o(.text.System_RestConfig), (52 bytes).
    Removing pt32f0xx_sys.o(.ARM.exidx.text.System_RestConfig), (8 bytes).
    Removing pt32f0xx_sys.o(.text.System_GetCustomerID), (12 bytes).
    Removing pt32f0xx_sys.o(.ARM.exidx.text.System_GetCustomerID), (8 bytes).
    Removing pt32f0xx_sys.o(.text.System_GetAgentID), (12 bytes).
    Removing pt32f0xx_sys.o(.ARM.exidx.text.System_GetAgentID), (8 bytes).
    Removing pt32f0xx_sys.o(.text.System_GetUID), (20 bytes).
    Removing pt32f0xx_sys.o(.ARM.exidx.text.System_GetUID), (8 bytes).
    Removing pt32f0xx_sys.o(.text.System_GetCD), (12 bytes).
    Removing pt32f0xx_sys.o(.ARM.exidx.text.System_GetCD), (8 bytes).
    Removing pt32f0xx_tim.o(.text), (0 bytes).
    Removing pt32f0xx_tim.o(.text.TIM_TimeBaseInit), (82 bytes).
    Removing pt32f0xx_tim.o(.ARM.exidx.text.TIM_TimeBaseInit), (8 bytes).
    Removing pt32f0xx_tim.o(.text.TIM_TimeBaseStructInit), (36 bytes).
    Removing pt32f0xx_tim.o(.ARM.exidx.text.TIM_TimeBaseStructInit), (8 bytes).
    Removing pt32f0xx_tim.o(.text.TIM_PrescalerConfig), (18 bytes).
    Removing pt32f0xx_tim.o(.ARM.exidx.text.TIM_PrescalerConfig), (8 bytes).
    Removing pt32f0xx_tim.o(.text.TIM_SetCounterMatch), (18 bytes).
    Removing pt32f0xx_tim.o(.ARM.exidx.text.TIM_SetCounterMatch), (8 bytes).
    Removing pt32f0xx_tim.o(.text.TIM_SetCounter), (18 bytes).
    Removing pt32f0xx_tim.o(.ARM.exidx.text.TIM_SetCounter), (8 bytes).
    Removing pt32f0xx_tim.o(.text.TIM_GetCounter), (14 bytes).
    Removing pt32f0xx_tim.o(.ARM.exidx.text.TIM_GetCounter), (8 bytes).
    Removing pt32f0xx_tim.o(.text.TIM_GetPrescaler), (14 bytes).
    Removing pt32f0xx_tim.o(.ARM.exidx.text.TIM_GetPrescaler), (8 bytes).
    Removing pt32f0xx_tim.o(.text.TIM_GetPrescalerCnt), (14 bytes).
    Removing pt32f0xx_tim.o(.ARM.exidx.text.TIM_GetPrescalerCnt), (8 bytes).
    Removing pt32f0xx_tim.o(.text.TIM_CounterModeConfig), (32 bytes).
    Removing pt32f0xx_tim.o(.ARM.exidx.text.TIM_CounterModeConfig), (8 bytes).
    Removing pt32f0xx_tim.o(.text.TIM_UpdateCmd), (44 bytes).
    Removing pt32f0xx_tim.o(.ARM.exidx.text.TIM_UpdateCmd), (8 bytes).
    Removing pt32f0xx_tim.o(.text.TIM_Cmd), (44 bytes).
    Removing pt32f0xx_tim.o(.ARM.exidx.text.TIM_Cmd), (8 bytes).
    Removing pt32f0xx_tim.o(.text.TIM_ITConfig), (46 bytes).
    Removing pt32f0xx_tim.o(.ARM.exidx.text.TIM_ITConfig), (8 bytes).
    Removing pt32f0xx_tim.o(.ARM.exidx.text.TIM_GetFlagStatus), (8 bytes).
    Removing pt32f0xx_tim.o(.ARM.exidx.text.TIM_ClearFlag), (8 bytes).
    Removing pt32f0xx_uart.o(.text), (0 bytes).
    Removing pt32f0xx_uart.o(.ARM.exidx.text.UART_Init), (8 bytes).
    Removing pt32f0xx_uart.o(.text.UART_StructInit), (46 bytes).
    Removing pt32f0xx_uart.o(.ARM.exidx.text.UART_StructInit), (8 bytes).
    Removing pt32f0xx_uart.o(.ARM.exidx.text.UART_Cmd), (8 bytes).
    Removing pt32f0xx_uart.o(.text.UART_RxConfig), (48 bytes).
    Removing pt32f0xx_uart.o(.ARM.exidx.text.UART_RxConfig), (8 bytes).
    Removing pt32f0xx_uart.o(.text.UART_InvPinCmd), (46 bytes).
    Removing pt32f0xx_uart.o(.ARM.exidx.text.UART_InvPinCmd), (8 bytes).
    Removing pt32f0xx_uart.o(.text.UART_SetReceiverTimeOut), (30 bytes).
    Removing pt32f0xx_uart.o(.ARM.exidx.text.UART_SetReceiverTimeOut), (8 bytes).
    Removing pt32f0xx_uart.o(.text.UART_SetPrescaler), (36 bytes).
    Removing pt32f0xx_uart.o(.ARM.exidx.text.UART_SetPrescaler), (8 bytes).
    Removing pt32f0xx_uart.o(.text.UART_SetGuardTime), (32 bytes).
    Removing pt32f0xx_uart.o(.ARM.exidx.text.UART_SetGuardTime), (8 bytes).
    Removing pt32f0xx_uart.o(.text.UART_SmartCardCmd), (48 bytes).
    Removing pt32f0xx_uart.o(.ARM.exidx.text.UART_SmartCardCmd), (8 bytes).
    Removing pt32f0xx_uart.o(.ARM.exidx.text.UART_SendData), (8 bytes).
    Removing pt32f0xx_uart.o(.ARM.exidx.text.UART_StringSend), (8 bytes).
    Removing pt32f0xx_uart.o(.text.UART_ReceiveData), (20 bytes).
    Removing pt32f0xx_uart.o(.ARM.exidx.text.UART_ReceiveData), (8 bytes).
    Removing pt32f0xx_uart.o(.text.UART_ReceiveData_Timeout), (64 bytes).
    Removing pt32f0xx_uart.o(.ARM.exidx.text.UART_ReceiveData_Timeout), (8 bytes).
    Removing pt32f0xx_uart.o(.text.UART_StringReceive), (86 bytes).
    Removing pt32f0xx_uart.o(.ARM.exidx.text.UART_StringReceive), (8 bytes).
    Removing pt32f0xx_uart.o(.text.UART_LoopBackConfig), (44 bytes).
    Removing pt32f0xx_uart.o(.ARM.exidx.text.UART_LoopBackConfig), (8 bytes).
    Removing pt32f0xx_uart.o(.text.UART_FifoReset), (50 bytes).
    Removing pt32f0xx_uart.o(.ARM.exidx.text.UART_FifoReset), (8 bytes).
    Removing pt32f0xx_uart.o(.text.UART_IrDACmd), (44 bytes).
    Removing pt32f0xx_uart.o(.ARM.exidx.text.UART_IrDACmd), (8 bytes).
    Removing pt32f0xx_uart.o(.text.UART_IrDAInvPinCmd), (44 bytes).
    Removing pt32f0xx_uart.o(.ARM.exidx.text.UART_IrDAInvPinCmd), (8 bytes).
    Removing pt32f0xx_uart.o(.text.UART_SetDutyCycle), (36 bytes).
    Removing pt32f0xx_uart.o(.ARM.exidx.text.UART_SetDutyCycle), (8 bytes).
    Removing pt32f0xx_uart.o(.text.UART_HalfDuplexCmd), (48 bytes).
    Removing pt32f0xx_uart.o(.ARM.exidx.text.UART_HalfDuplexCmd), (8 bytes).
    Removing pt32f0xx_uart.o(.text.UART_HalfDuplex_DirectionModeCmd), (58 bytes).
    Removing pt32f0xx_uart.o(.ARM.exidx.text.UART_HalfDuplex_DirectionModeCmd), (8 bytes).
    Removing pt32f0xx_uart.o(.text.UART_ITConfig), (46 bytes).
    Removing pt32f0xx_uart.o(.ARM.exidx.text.UART_ITConfig), (8 bytes).
    Removing pt32f0xx_uart.o(.text.UART_GetFlagStatus), (48 bytes).
    Removing pt32f0xx_uart.o(.ARM.exidx.text.UART_GetFlagStatus), (8 bytes).
    Removing pt32f0xx_uart.o(.text.UART_ClearFlag), (16 bytes).
    Removing pt32f0xx_uart.o(.ARM.exidx.text.UART_ClearFlag), (8 bytes).
    Removing pt32f0xx_uart.o(.text.UART_GetITStatus), (68 bytes).
    Removing pt32f0xx_uart.o(.ARM.exidx.text.UART_GetITStatus), (8 bytes).
    Removing pt32f0xx_wdg.o(.text), (0 bytes).
    Removing pt32f0xx_wdg.o(.text.WDG_WriteAccessCmd), (20 bytes).
    Removing pt32f0xx_wdg.o(.ARM.exidx.text.WDG_WriteAccessCmd), (8 bytes).
    Removing pt32f0xx_wdg.o(.text.WDG_SetReload), (16 bytes).
    Removing pt32f0xx_wdg.o(.ARM.exidx.text.WDG_SetReload), (8 bytes).
    Removing pt32f0xx_wdg.o(.text.WDG_ReloadCounter), (16 bytes).
    Removing pt32f0xx_wdg.o(.ARM.exidx.text.WDG_ReloadCounter), (8 bytes).
    Removing pt32f0xx_wdg.o(.text.WDG_AccessEnable), (52 bytes).
    Removing pt32f0xx_wdg.o(.ARM.exidx.text.WDG_AccessEnable), (8 bytes).
    Removing pt32f0xx_wdg.o(.text.WDG_GetLockStatus), (50 bytes).
    Removing pt32f0xx_wdg.o(.ARM.exidx.text.WDG_GetLockStatus), (8 bytes).
    Removing pt32f0xx_wdg.o(.text.WDG_Cmd), (44 bytes).
    Removing pt32f0xx_wdg.o(.ARM.exidx.text.WDG_Cmd), (8 bytes).
    Removing pt32f0xx_wdg.o(.text.WDG_RstCmd), (44 bytes).
    Removing pt32f0xx_wdg.o(.ARM.exidx.text.WDG_RstCmd), (8 bytes).
    Removing pt32f0xx_wdg.o(.text.WDG_DbgeRunCmd), (44 bytes).
    Removing pt32f0xx_wdg.o(.ARM.exidx.text.WDG_DbgeRunCmd), (8 bytes).
    Removing pt32f0xx_wdg.o(.text.WDG_GetFlagStatus), (56 bytes).
    Removing pt32f0xx_wdg.o(.ARM.exidx.text.WDG_GetFlagStatus), (8 bytes).
    Removing pt32f0xx_wdg.o(.text.WDG_GetITStatus), (68 bytes).
    Removing pt32f0xx_wdg.o(.ARM.exidx.text.WDG_GetITStatus), (8 bytes).

534 unused section(s) (total 15595 bytes) removed from the image.

==============================================================================

Image Symbol Table

    Local Symbols

    Symbol Name                              Value     Ov Type        Size  Object(Section)

    ../SYSTEM/startup_pt32f031.s             0x00000000   Number         0  startup_pt32f031.o ABSOLUTE
    ../clib/angel/boardlib.s                 0x00000000   Number         0  boardinit1.o ABSOLUTE
    ../clib/angel/boardlib.s                 0x00000000   Number         0  boardinit2.o ABSOLUTE
    ../clib/angel/boardlib.s                 0x00000000   Number         0  boardinit3.o ABSOLUTE
    ../clib/angel/boardlib.s                 0x00000000   Number         0  boardshut.o ABSOLUTE
    ../clib/angel/handlers.s                 0x00000000   Number         0  __scatter_copy.o ABSOLUTE
    ../clib/angel/handlers.s                 0x00000000   Number         0  __scatter_zi.o ABSOLUTE
    ../clib/angel/kernel.s                   0x00000000   Number         0  __rtentry.o ABSOLUTE
    ../clib/angel/kernel.s                   0x00000000   Number         0  __rtentry2.o ABSOLUTE
    ../clib/angel/kernel.s                   0x00000000   Number         0  __rtentry4.o ABSOLUTE
    ../clib/angel/kernel.s                   0x00000000   Number         0  rtexit.o ABSOLUTE
    ../clib/angel/kernel.s                   0x00000000   Number         0  rtexit2.o ABSOLUTE
    ../clib/angel/rt.s                       0x00000000   Number         0  aeabi_idiv0.o ABSOLUTE
    ../clib/angel/rt.s                       0x00000000   Number         0  aeabi_idiv0_sigfpe.o ABSOLUTE
    ../clib/angel/rt.s                       0x00000000   Number         0  rt_div0.o ABSOLUTE
    ../clib/angel/rt.s                       0x00000000   Number         0  rt_raise.o ABSOLUTE
    ../clib/angel/scatterp.s                 0x00000000   Number         0  __scatter.o ABSOLUTE
    ../clib/angel/startup.s                  0x00000000   Number         0  __main.o ABSOLUTE
    ../clib/angel/sys.s                      0x00000000   Number         0  sys_stackheap_outer.o ABSOLUTE
    ../clib/angel/sys.s                      0x00000000   Number         0  libspace.o ABSOLUTE
    ../clib/angel/sys.s                      0x00000000   Number         0  tempstk.o ABSOLUTE
    ../clib/angel/sys.s                      0x00000000   Number         0  use_no_semi.o ABSOLUTE
    ../clib/angel/sys.s                      0x00000000   Number         0  indicate_semi.o ABSOLUTE
    ../clib/angel/sysapp.c                   0x00000000   Number         0  sys_wrch.o ABSOLUTE
    ../clib/angel/sysapp.c                   0x00000000   Number         0  sys_wrch_hlt.o ABSOLUTE
    ../clib/angel/sysapp.c                   0x00000000   Number         0  sys_command.o ABSOLUTE
    ../clib/angel/sysapp.c                   0x00000000   Number         0  sys_command_hlt.o ABSOLUTE
    ../clib/armsys.c                         0x00000000   Number         0  argv_veneer.o ABSOLUTE
    ../clib/armsys.c                         0x00000000   Number         0  _get_argv_nomalloc.o ABSOLUTE
    ../clib/armsys.c                         0x00000000   Number         0  no_argv.o ABSOLUTE
    ../clib/division.s                       0x00000000   Number         0  aeabi_sdiv.o ABSOLUTE
    ../clib/division.s                       0x00000000   Number         0  aeabi_sdiv_div0.o ABSOLUTE
    ../clib/heapalloc.c                      0x00000000   Number         0  hrguard.o ABSOLUTE
    ../clib/heapaux.c                        0x00000000   Number         0  heapauxi.o ABSOLUTE
    ../clib/libinit.s                        0x00000000   Number         0  libinit.o ABSOLUTE
    ../clib/libinit.s                        0x00000000   Number         0  libinit2.o ABSOLUTE
    ../clib/libinit.s                        0x00000000   Number         0  libshutdown.o ABSOLUTE
    ../clib/libinit.s                        0x00000000   Number         0  libshutdown2.o ABSOLUTE
    ../clib/signal.c                         0x00000000   Number         0  defsig_fpe_outer.o ABSOLUTE
    ../clib/signal.c                         0x00000000   Number         0  defsig_fpe_formal.o ABSOLUTE
    ../clib/signal.c                         0x00000000   Number         0  defsig_exit.o ABSOLUTE
    ../clib/signal.c                         0x00000000   Number         0  defsig_fpe_inner.o ABSOLUTE
    ../clib/signal.c                         0x00000000   Number         0  __raise.o ABSOLUTE
    ../clib/signal.c                         0x00000000   Number         0  defsig_general.o ABSOLUTE
    ../clib/signal.c                         0x00000000   Number         0  defsig_abrt_inner.o ABSOLUTE
    ../clib/signal.c                         0x00000000   Number         0  defsig_rtred_inner.o ABSOLUTE
    ../clib/signal.c                         0x00000000   Number         0  defsig_rtmem_inner.o ABSOLUTE
    ../clib/signal.c                         0x00000000   Number         0  defsig_rtmem_outer.o ABSOLUTE
    ../clib/signal.c                         0x00000000   Number         0  defsig_rtmem_formal.o ABSOLUTE
    ../clib/signal.c                         0x00000000   Number         0  defsig_stak_inner.o ABSOLUTE
    ../clib/signal.c                         0x00000000   Number         0  defsig_pvfn_inner.o ABSOLUTE
    ../clib/signal.c                         0x00000000   Number         0  defsig_cppl_inner.o ABSOLUTE
    ../clib/signal.c                         0x00000000   Number         0  defsig_segv_inner.o ABSOLUTE
    ../clib/signal.c                         0x00000000   Number         0  defsig_other.o ABSOLUTE
    ../clib/signal.s                         0x00000000   Number         0  defsig.o ABSOLUTE
    ../clib/stdlib.c                         0x00000000   Number         0  exit.o ABSOLUTE
    ../fplib/cfplib/daddsub.c                0x00000000   Number         0  daddsub.o ABSOLUTE
    ../fplib/cfplib/dmul.c                   0x00000000   Number         0  dmul.o ABSOLUTE
    ../fplib/cfplib/ffix.c                   0x00000000   Number         0  dfixi.o ABSOLUTE
    ../fplib/cfplib/fflt.c                   0x00000000   Number         0  dflti.o ABSOLUTE
    ../fplib/cfplib/fpinit.c                 0x00000000   Number         0  fpinit.o ABSOLUTE
    ../fplib/usenofp.s                       0x00000000   Number         0  usenofp.o ABSOLUTE
    ADC.c                                    0x00000000   Number         0  adc.o ABSOLUTE
    I2C.c                                    0x00000000   Number         0  i2c.o ABSOLUTE
    LED.c                                    0x00000000   Number         0  led.o ABSOLUTE
    SPI.c                                    0x00000000   Number         0  spi.o ABSOLUTE
    Systick.c                                0x00000000   Number         0  systick.o ABSOLUTE
    capture.c                                0x00000000   Number         0  capture.o ABSOLUTE
    dc.s                                     0x00000000   Number         0  dc.o ABSOLUTE
    key.c                                    0x00000000   Number         0  key.o ABSOLUTE
    main.c                                   0x00000000   Number         0  main.o ABSOLUTE
    pt32f0xx_adc.c                           0x00000000   Number         0  pt32f0xx_adc.o ABSOLUTE
    pt32f0xx_ana.c                           0x00000000   Number         0  pt32f0xx_ana.o ABSOLUTE
    pt32f0xx_beep.c                          0x00000000   Number         0  pt32f0xx_beep.o ABSOLUTE
    pt32f0xx_cmp_opa.c                       0x00000000   Number         0  pt32f0xx_cmp_opa.o ABSOLUTE
    pt32f0xx_crc.c                           0x00000000   Number         0  pt32f0xx_crc.o ABSOLUTE
    pt32f0xx_flash.c                         0x00000000   Number         0  pt32f0xx_flash.o ABSOLUTE
    pt32f0xx_gpio.c                          0x00000000   Number         0  pt32f0xx_gpio.o ABSOLUTE
    pt32f0xx_i2c.c                           0x00000000   Number         0  pt32f0xx_i2c.o ABSOLUTE
    pt32f0xx_it.c                            0x00000000   Number         0  pt32f0xx_it.o ABSOLUTE
    pt32f0xx_misc.c                          0x00000000   Number         0  pt32f0xx_misc.o ABSOLUTE
    pt32f0xx_pwm.c                           0x00000000   Number         0  pt32f0xx_pwm.o ABSOLUTE
    pt32f0xx_pwr.c                           0x00000000   Number         0  pt32f0xx_pwr.o ABSOLUTE
    pt32f0xx_retarget.c                      0x00000000   Number         0  pt32f0xx_retarget.o ABSOLUTE
    pt32f0xx_serial.c                        0x00000000   Number         0  pt32f0xx_serial.o ABSOLUTE
    pt32f0xx_spi.c                           0x00000000   Number         0  pt32f0xx_spi.o ABSOLUTE
    pt32f0xx_sys.c                           0x00000000   Number         0  pt32f0xx_sys.o ABSOLUTE
    pt32f0xx_tim.c                           0x00000000   Number         0  pt32f0xx_tim.o ABSOLUTE
    pt32f0xx_uart.c                          0x00000000   Number         0  pt32f0xx_uart.o ABSOLUTE
    pt32f0xx_wdg.c                           0x00000000   Number         0  pt32f0xx_wdg.o ABSOLUTE
    pwm.c                                    0x00000000   Number         0  pwm.o ABSOLUTE
    system_pt32f0xx.c                        0x00000000   Number         0  system_pt32f0xx.o ABSOLUTE
    task.c                                   0x00000000   Number         0  task.o ABSOLUTE
    timer.c                                  0x00000000   Number         0  timer.o ABSOLUTE
    uart.c                                   0x00000000   Number         0  uart.o ABSOLUTE
    RESET                                    0x00000000   Section      244  startup_pt32f031.o(RESET)
    !!!main                                  0x000000f4   Section        8  __main.o(!!!main)
    !!!scatter                               0x000000fc   Section       60  __scatter.o(!!!scatter)
    !!handler_copy                           0x00000138   Section       26  __scatter_copy.o(!!handler_copy)
    !!handler_zi                             0x00000154   Section       28  __scatter_zi.o(!!handler_zi)
    .ARM.Collect$$libinit$$00000000          0x00000170   Section        2  libinit.o(.ARM.Collect$$libinit$$00000000)
    .ARM.Collect$$libinit$$00000002          0x00000172   Section        0  libinit2.o(.ARM.Collect$$libinit$$00000002)
    .ARM.Collect$$libinit$$00000004          0x00000172   Section        0  libinit2.o(.ARM.Collect$$libinit$$00000004)
    .ARM.Collect$$libinit$$00000006          0x00000172   Section        0  libinit2.o(.ARM.Collect$$libinit$$00000006)
    .ARM.Collect$$libinit$$0000000C          0x00000172   Section        0  libinit2.o(.ARM.Collect$$libinit$$0000000C)
    .ARM.Collect$$libinit$$0000000E          0x00000172   Section        0  libinit2.o(.ARM.Collect$$libinit$$0000000E)
    .ARM.Collect$$libinit$$00000010          0x00000172   Section        0  libinit2.o(.ARM.Collect$$libinit$$00000010)
    .ARM.Collect$$libinit$$00000013          0x00000172   Section        0  libinit2.o(.ARM.Collect$$libinit$$00000013)
    .ARM.Collect$$libinit$$00000015          0x00000172   Section        0  libinit2.o(.ARM.Collect$$libinit$$00000015)
    .ARM.Collect$$libinit$$00000017          0x00000172   Section        0  libinit2.o(.ARM.Collect$$libinit$$00000017)
    .ARM.Collect$$libinit$$00000019          0x00000172   Section        0  libinit2.o(.ARM.Collect$$libinit$$00000019)
    .ARM.Collect$$libinit$$0000001B          0x00000172   Section        0  libinit2.o(.ARM.Collect$$libinit$$0000001B)
    .ARM.Collect$$libinit$$0000001D          0x00000172   Section        0  libinit2.o(.ARM.Collect$$libinit$$0000001D)
    .ARM.Collect$$libinit$$0000001F          0x00000172   Section        0  libinit2.o(.ARM.Collect$$libinit$$0000001F)
    .ARM.Collect$$libinit$$00000021          0x00000172   Section        0  libinit2.o(.ARM.Collect$$libinit$$00000021)
    .ARM.Collect$$libinit$$00000023          0x00000172   Section        0  libinit2.o(.ARM.Collect$$libinit$$00000023)
    .ARM.Collect$$libinit$$00000025          0x00000172   Section        0  libinit2.o(.ARM.Collect$$libinit$$00000025)
    .ARM.Collect$$libinit$$00000027          0x00000172   Section        0  libinit2.o(.ARM.Collect$$libinit$$00000027)
    .ARM.Collect$$libinit$$0000002E          0x00000172   Section        0  libinit2.o(.ARM.Collect$$libinit$$0000002E)
    .ARM.Collect$$libinit$$00000030          0x00000172   Section        0  libinit2.o(.ARM.Collect$$libinit$$00000030)
    .ARM.Collect$$libinit$$00000032          0x00000172   Section        0  libinit2.o(.ARM.Collect$$libinit$$00000032)
    .ARM.Collect$$libinit$$00000034          0x00000172   Section        0  libinit2.o(.ARM.Collect$$libinit$$00000034)
    .ARM.Collect$$libinit$$00000035          0x00000172   Section        2  libinit2.o(.ARM.Collect$$libinit$$00000035)
    .ARM.Collect$$libshutdown$$00000000      0x00000174   Section        2  libshutdown.o(.ARM.Collect$$libshutdown$$00000000)
    .ARM.Collect$$libshutdown$$00000002      0x00000176   Section        0  libshutdown2.o(.ARM.Collect$$libshutdown$$00000002)
    .ARM.Collect$$libshutdown$$00000004      0x00000176   Section        0  libshutdown2.o(.ARM.Collect$$libshutdown$$00000004)
    .ARM.Collect$$libshutdown$$00000007      0x00000176   Section        0  libshutdown2.o(.ARM.Collect$$libshutdown$$00000007)
    .ARM.Collect$$libshutdown$$0000000A      0x00000176   Section        0  libshutdown2.o(.ARM.Collect$$libshutdown$$0000000A)
    .ARM.Collect$$libshutdown$$0000000C      0x00000176   Section        0  libshutdown2.o(.ARM.Collect$$libshutdown$$0000000C)
    .ARM.Collect$$libshutdown$$0000000F      0x00000176   Section        0  libshutdown2.o(.ARM.Collect$$libshutdown$$0000000F)
    .ARM.Collect$$libshutdown$$00000010      0x00000176   Section        2  libshutdown2.o(.ARM.Collect$$libshutdown$$00000010)
    .ARM.Collect$$rtentry$$00000000          0x00000178   Section        0  __rtentry.o(.ARM.Collect$$rtentry$$00000000)
    .ARM.Collect$$rtentry$$00000002          0x00000178   Section        0  __rtentry2.o(.ARM.Collect$$rtentry$$00000002)
    .ARM.Collect$$rtentry$$00000004          0x00000178   Section        6  __rtentry4.o(.ARM.Collect$$rtentry$$00000004)
    .ARM.Collect$$rtentry$$00000009          0x0000017e   Section        0  __rtentry2.o(.ARM.Collect$$rtentry$$00000009)
    .ARM.Collect$$rtentry$$0000000A          0x0000017e   Section        4  __rtentry2.o(.ARM.Collect$$rtentry$$0000000A)
    .ARM.Collect$$rtentry$$0000000C          0x00000182   Section        0  __rtentry2.o(.ARM.Collect$$rtentry$$0000000C)
    .ARM.Collect$$rtentry$$0000000D          0x00000182   Section        8  __rtentry2.o(.ARM.Collect$$rtentry$$0000000D)
    .ARM.Collect$$rtexit$$00000000           0x0000018a   Section        2  rtexit.o(.ARM.Collect$$rtexit$$00000000)
    .ARM.Collect$$rtexit$$00000002           0x0000018c   Section        0  rtexit2.o(.ARM.Collect$$rtexit$$00000002)
    .ARM.Collect$$rtexit$$00000003           0x0000018c   Section        4  rtexit2.o(.ARM.Collect$$rtexit$$00000003)
    .ARM.Collect$$rtexit$$00000004           0x00000190   Section        6  rtexit2.o(.ARM.Collect$$rtexit$$00000004)
    .text                                    0x00000198   Section      364  aeabi_sdiv.o(.text)
    .text                                    0x00000304   Section        0  heapauxi.o(.text)
    _dadd1                                   0x0000030d   Thumb Code   290  daddsub.o(.text)
    .text                                    0x0000030c   Section        0  daddsub.o(.text)
    _dsub1                                   0x0000042f   Thumb Code   470  daddsub.o(.text)
    .text                                    0x00000664   Section        0  dfixi.o(.text)
    .text                                    0x000006d0   Section        0  dflti.o(.text)
    .text                                    0x00000728   Section        0  dmul.o(.text)
    .text                                    0x00000970   Section       62  sys_stackheap_outer.o(.text)
    .text                                    0x000009ae   Section        0  exit.o(.text)
    .text                                    0x000009c0   Section        8  libspace.o(.text)
    [Anonymous Symbol]                       0x000009c8   Section        0  pt32f0xx_it.o(.text.ADC_Handler)
    [Anonymous Symbol]                       0x000009ca   Section        0  pt32f0xx_it.o(.text.CLK_FAIL_Handler)
    [Anonymous Symbol]                       0x000009cc   Section        0  pt32f0xx_it.o(.text.Comparator0_Handler)
    [Anonymous Symbol]                       0x000009ce   Section        0  pt32f0xx_it.o(.text.Comparator1_Handler)
    [Anonymous Symbol]                       0x000009d0   Section        0  pt32f0xx_it.o(.text.FLASH_Handler)
    [Anonymous Symbol]                       0x000009d2   Section        0  pt32f0xx_gpio.o(.text.GPIO_ClearFlag)
    [Anonymous Symbol]                       0x000009e2   Section        0  pt32f0xx_gpio.o(.text.GPIO_GetFlagStatus)
    [Anonymous Symbol]                       0x00000a12   Section        0  pt32f0xx_gpio.o(.text.GPIO_Init)
    [Anonymous Symbol]                       0x00000ad0   Section        0  pt32f0xx_gpio.o(.text.GPIO_PinAFConfig)
    __arm_cp.14_0                            0x00000b34   Number         4  pt32f0xx_gpio.o(.text.GPIO_PinAFConfig)
    [Anonymous Symbol]                       0x00000b38   Section        0  pt32f0xx_gpio.o(.text.GPIO_ReverseBits)
    [Anonymous Symbol]                       0x00000b4e   Section        0  pt32f0xx_gpio.o(.text.GPIO_SetBits)
    [Anonymous Symbol]                       0x00000b64   Section        0  pt32f0xx_it.o(.text.HardFault_Handler)
    [Anonymous Symbol]                       0x00000b68   Section        0  pt32f0xx_it.o(.text.I2C0_Handler)
    [Anonymous Symbol]                       0x00000b6a   Section        0  pt32f0xx_it.o(.text.I2C1_Handler)
    [Anonymous Symbol]                       0x00000b6c   Section        0  pt32f0xx_it.o(.text.LED_Handler)
    [Anonymous Symbol]                       0x00000b70   Section        0  led.o(.text.LED_Init)
    __arm_cp.0_0                             0x00000bd0   Number         4  led.o(.text.LED_Init)
    [Anonymous Symbol]                       0x00000bd4   Section        0  pt32f0xx_it.o(.text.LVD_Handler)
    [Anonymous Symbol]                       0x00000bd6   Section        0  pt32f0xx_it.o(.text.NMI_Handler)
    [Anonymous Symbol]                       0x00000bd8   Section        0  pt32f0xx_it.o(.text.PA_Handler)
    [Anonymous Symbol]                       0x00000c18   Section        0  pt32f0xx_it.o(.text.PB_Handler)
    [Anonymous Symbol]                       0x00000c1a   Section        0  pt32f0xx_it.o(.text.PF_Handler)
    [Anonymous Symbol]                       0x00000c1c   Section        0  pt32f0xx_it.o(.text.PVD_Handler)
    [Anonymous Symbol]                       0x00000c1e   Section        0  pt32f0xx_pwm.o(.text.PWM_ClearFlag)
    [Anonymous Symbol]                       0x00000c2e   Section        0  pt32f0xx_pwm.o(.text.PWM_Cmd)
    [Anonymous Symbol]                       0x00000c5a   Section        0  pt32f0xx_pwm.o(.text.PWM_GetCaptureCounter)
    [Anonymous Symbol]                       0x00000cbe   Section        0  pt32f0xx_pwm.o(.text.PWM_GetFlagStatus)
    [Anonymous Symbol]                       0x00000ce8   Section        0  pt32f0xx_it.o(.text.PendSV_Handler)
    [Anonymous Symbol]                       0x00000cea   Section        0  pt32f0xx_it.o(.text.SPI0_Handler)
    [Anonymous Symbol]                       0x00000cec   Section        0  pt32f0xx_it.o(.text.SPI1_Handler)
    [Anonymous Symbol]                       0x00000cee   Section        0  pt32f0xx_it.o(.text.SVC_Handler)
    [Anonymous Symbol]                       0x00000cf0   Section        0  pt32f0xx_it.o(.text.SWDG_Handler)
    SysTick_Config                           0x00000cf5   Thumb Code    68  systick.o(.text.SysTick_Config)
    [Anonymous Symbol]                       0x00000cf4   Section        0  systick.o(.text.SysTick_Config)
    __arm_cp.1_0                             0x00000d38   Number         4  systick.o(.text.SysTick_Config)
    __arm_cp.1_1                             0x00000d3c   Number         4  systick.o(.text.SysTick_Config)
    __arm_cp.1_2                             0x00000d40   Number         4  systick.o(.text.SysTick_Config)
    [Anonymous Symbol]                       0x00000d44   Section        0  pt32f0xx_it.o(.text.SysTick_Handler)
    [Anonymous Symbol]                       0x00000d4c   Section        0  system_pt32f0xx.o(.text.SystemInit)
    __arm_cp.1_0                             0x00000dc4   Number         4  system_pt32f0xx.o(.text.SystemInit)
    __arm_cp.1_1                             0x00000dc8   Number         4  system_pt32f0xx.o(.text.SystemInit)
    __arm_cp.1_3                             0x00000dcc   Number         4  system_pt32f0xx.o(.text.SystemInit)
    [Anonymous Symbol]                       0x00000dd0   Section        0  pt32f0xx_sys.o(.text.System_GetClocksFreq)
    __arm_cp.0_0                             0x00000ea8   Number         4  pt32f0xx_sys.o(.text.System_GetClocksFreq)
    __arm_cp.0_1                             0x00000eac   Number         4  pt32f0xx_sys.o(.text.System_GetClocksFreq)
    __arm_cp.0_2                             0x00000eb0   Number         4  pt32f0xx_sys.o(.text.System_GetClocksFreq)
    [Anonymous Symbol]                       0x00000eb4   Section        0  systick.o(.text.Systick_Init)
    __arm_cp.0_0                             0x00000ec0   Number         4  systick.o(.text.Systick_Init)
    [Anonymous Symbol]                       0x00000ec4   Section        0  pt32f0xx_it.o(.text.TIMER0_Handler)
    [Anonymous Symbol]                       0x00000ec8   Section        0  pt32f0xx_it.o(.text.TIMER1_Handler)
    __arm_cp.22_0                            0x00000f80   Number         4  pt32f0xx_it.o(.text.TIMER1_Handler)
    __arm_cp.22_1                            0x00000f84   Number         4  pt32f0xx_it.o(.text.TIMER1_Handler)
    __arm_cp.22_2                            0x00000f88   Number         4  pt32f0xx_it.o(.text.TIMER1_Handler)
    __arm_cp.22_3                            0x00000f8c   Number         4  pt32f0xx_it.o(.text.TIMER1_Handler)
    __arm_cp.22_4                            0x00000f90   Number         4  pt32f0xx_it.o(.text.TIMER1_Handler)
    __arm_cp.22_5                            0x00000f94   Number         4  pt32f0xx_it.o(.text.TIMER1_Handler)
    [Anonymous Symbol]                       0x00000f98   Section        0  pt32f0xx_it.o(.text.TIMER2_Handler)
    [Anonymous Symbol]                       0x00000f9c   Section        0  pt32f0xx_it.o(.text.TIMER3_Handler)
    __arm_cp.24_0                            0x00000ff0   Number         4  pt32f0xx_it.o(.text.TIMER3_Handler)
    __arm_cp.24_1                            0x00000ff4   Number         4  pt32f0xx_it.o(.text.TIMER3_Handler)
    __arm_cp.24_2                            0x00000ff8   Number         4  pt32f0xx_it.o(.text.TIMER3_Handler)
    [Anonymous Symbol]                       0x00000ffc   Section        0  pt32f0xx_it.o(.text.TIMER4_Handler)
    [Anonymous Symbol]                       0x00000ffe   Section        0  pt32f0xx_tim.o(.text.TIM_ClearFlag)
    [Anonymous Symbol]                       0x0000100e   Section        0  pt32f0xx_tim.o(.text.TIM_GetFlagStatus)
    [Anonymous Symbol]                       0x00001038   Section        0  led.o(.text.TaskDisplayLED_B)
    __arm_cp.3_0                             0x00001060   Number         4  led.o(.text.TaskDisplayLED_B)
    [Anonymous Symbol]                       0x00001064   Section        0  led.o(.text.TaskDisplayLED_G)
    __arm_cp.2_1                             0x00001088   Number         4  led.o(.text.TaskDisplayLED_G)
    [Anonymous Symbol]                       0x0000108c   Section        0  led.o(.text.TaskDisplayLED_R)
    __arm_cp.1_1                             0x000010b0   Number         4  led.o(.text.TaskDisplayLED_R)
    __arm_cp.1_2                             0x000010b4   Number         4  led.o(.text.TaskDisplayLED_R)
    __arm_cp.1_3                             0x000010b8   Number         4  led.o(.text.TaskDisplayLED_R)
    [Anonymous Symbol]                       0x000010bc   Section        0  task.o(.text.TaskProcess)
    [Anonymous Symbol]                       0x0000110c   Section        0  task.o(.text.TaskRemarks)
    __arm_cp.0_0                             0x0000117c   Number         4  task.o(.text.TaskRemarks)
    [Anonymous Symbol]                       0x00001180   Section        0  pt32f0xx_it.o(.text.UART0_Handler)
    [Anonymous Symbol]                       0x00001182   Section        0  pt32f0xx_it.o(.text.UART1_Handler)
    [Anonymous Symbol]                       0x00001184   Section        0  pt32f0xx_uart.o(.text.UART_Cmd)
    [Anonymous Symbol]                       0x000011b0   Section        0  pt32f0xx_uart.o(.text.UART_Init)
    __arm_cp.0_0                             0x000012d0   Number         4  pt32f0xx_uart.o(.text.UART_Init)
    [Anonymous Symbol]                       0x000012d4   Section        0  pt32f0xx_uart.o(.text.UART_SendData)
    __arm_cp.9_0                             0x000012fc   Number         4  pt32f0xx_uart.o(.text.UART_SendData)
    [Anonymous Symbol]                       0x00001300   Section        0  pt32f0xx_uart.o(.text.UART_StringSend)
    [Anonymous Symbol]                       0x00001344   Section        0  uart.o(.text.Uart_Init)
    __arm_cp.0_0                             0x00001390   Number         4  uart.o(.text.Uart_Init)
    __arm_cp.0_1                             0x00001394   Number         4  uart.o(.text.Uart_Init)
    __NVIC_SetPriority                       0x00001399   Thumb Code   124  systick.o(.text.__NVIC_SetPriority)
    [Anonymous Symbol]                       0x00001398   Section        0  systick.o(.text.__NVIC_SetPriority)
    __arm_cp.2_0                             0x00001414   Number         4  systick.o(.text.__NVIC_SetPriority)
    __arm_cp.2_1                             0x00001418   Number         4  systick.o(.text.__NVIC_SetPriority)
    [Anonymous Symbol]                       0x0000141c   Section        0  pt32f0xx_retarget.o(.text._sys_exit)
    [Anonymous Symbol]                       0x00001424   Section        0  main.o(.text.main)
    x$fpl$usenofp                            0x00001440   Section        0  usenofp.o(x$fpl$usenofp)
    TaskComps                                0x20000000   Data          24  task.o(.data.TaskComps)
    [Anonymous Symbol]                       0x20000000   Section        0  task.o(.data.TaskComps)
    .bss                                     0x20000018   Section       96  libspace.o(.bss)
    count                                    0x2000007c   Data           4  pt32f0xx_it.o(.bss.count)
    [Anonymous Symbol]                       0x2000007c   Section        0  pt32f0xx_it.o(.bss.count)
    Heap_Mem                                 0x20000080   Data           0  startup_pt32f031.o(HEAP)
    Stack_Mem                                0x20000080   Data         512  startup_pt32f031.o(STACK)
    HEAP                                     0x20000080   Section        0  startup_pt32f031.o(HEAP)
    STACK                                    0x20000080   Section      512  startup_pt32f031.o(STACK)
    __initial_sp                             0x20000280   Data           0  startup_pt32f031.o(STACK)

    Global Symbols

    Symbol Name                              Value     Ov Type        Size  Object(Section)

    BuildAttributes$$THM_ISAv3M$S$PE$A:L22$X:L11$S22$IEEE1$IW$~IW$USESV6$~STKCKD$USESV7$~SHL$OSPACE$ROPI$EBA8$UX$STANDARDLIB$REQ8$PRES8$EABIv2 0x00000000   Number         0  anon$$obj.o ABSOLUTE
    __Vectors                                0x00000000   Data           4  startup_pt32f031.o(RESET)
    __ARM_exceptions_init                     - Undefined Weak Reference
    __alloca_initialize                       - Undefined Weak Reference
    __arm_preinit_                            - Undefined Weak Reference
    __arm_relocate_pie_                       - Undefined Weak Reference
    __cpp_initialize__aeabi_                  - Undefined Weak Reference
    __cxa_finalize                            - Undefined Weak Reference
    __rt_locale                               - Undefined Weak Reference
    __sigvec_lookup                           - Undefined Weak Reference
    _atexit_init                              - Undefined Weak Reference
    _call_atexit_fns                          - Undefined Weak Reference
    _clock_init                               - Undefined Weak Reference
    _fp_trap_init                             - Undefined Weak Reference
    _fp_trap_shutdown                         - Undefined Weak Reference
    _get_lc_collate                           - Undefined Weak Reference
    _get_lc_ctype                             - Undefined Weak Reference
    _get_lc_monetary                          - Undefined Weak Reference
    _get_lc_numeric                           - Undefined Weak Reference
    _get_lc_time                              - Undefined Weak Reference
    _getenv_init                              - Undefined Weak Reference
    _handle_redirection                       - Undefined Weak Reference
    _init_alloc                               - Undefined Weak Reference
    _init_user_alloc                          - Undefined Weak Reference
    _initio                                   - Undefined Weak Reference
    _rand_init                                - Undefined Weak Reference
    _signal_finish                            - Undefined Weak Reference
    _signal_init                              - Undefined Weak Reference
    _terminate_alloc                          - Undefined Weak Reference
    _terminate_user_alloc                     - Undefined Weak Reference
    _terminateio                              - Undefined Weak Reference
    Reset_Handler                            0x000000c1   Thumb Code     8  startup_pt32f031.o(RESET)
    __user_initial_stackheap                 0x000000d5   Thumb Code     0  startup_pt32f031.o(RESET)
    __main                                   0x000000f5   Thumb Code     8  __main.o(!!!main)
    __scatterload                            0x000000fd   Thumb Code     0  __scatter.o(!!!scatter)
    __scatterload_rt2                        0x000000fd   Thumb Code    52  __scatter.o(!!!scatter)
    __scatterload_rt2_thumb_only             0x000000fd   Thumb Code     0  __scatter.o(!!!scatter)
    __scatterload_null                       0x0000010d   Thumb Code     0  __scatter.o(!!!scatter)
    __scatterload_copy                       0x00000139   Thumb Code    26  __scatter_copy.o(!!handler_copy)
    __scatterload_zeroinit                   0x00000155   Thumb Code    28  __scatter_zi.o(!!handler_zi)
    __rt_lib_init                            0x00000171   Thumb Code     0  libinit.o(.ARM.Collect$$libinit$$00000000)
    __rt_lib_init_alloca_1                   0x00000173   Thumb Code     0  libinit2.o(.ARM.Collect$$libinit$$00000030)
    __rt_lib_init_argv_1                     0x00000173   Thumb Code     0  libinit2.o(.ARM.Collect$$libinit$$0000002E)
    __rt_lib_init_atexit_1                   0x00000173   Thumb Code     0  libinit2.o(.ARM.Collect$$libinit$$0000001D)
    __rt_lib_init_clock_1                    0x00000173   Thumb Code     0  libinit2.o(.ARM.Collect$$libinit$$00000023)
    __rt_lib_init_cpp_1                      0x00000173   Thumb Code     0  libinit2.o(.ARM.Collect$$libinit$$00000034)
    __rt_lib_init_exceptions_1               0x00000173   Thumb Code     0  libinit2.o(.ARM.Collect$$libinit$$00000032)
    __rt_lib_init_fp_1                       0x00000173   Thumb Code     0  libinit2.o(.ARM.Collect$$libinit$$00000002)
    __rt_lib_init_fp_trap_1                  0x00000173   Thumb Code     0  libinit2.o(.ARM.Collect$$libinit$$00000021)
    __rt_lib_init_getenv_1                   0x00000173   Thumb Code     0  libinit2.o(.ARM.Collect$$libinit$$00000025)
    __rt_lib_init_heap_1                     0x00000173   Thumb Code     0  libinit2.o(.ARM.Collect$$libinit$$0000000C)
    __rt_lib_init_lc_collate_1               0x00000173   Thumb Code     0  libinit2.o(.ARM.Collect$$libinit$$00000013)
    __rt_lib_init_lc_ctype_1                 0x00000173   Thumb Code     0  libinit2.o(.ARM.Collect$$libinit$$00000015)
    __rt_lib_init_lc_monetary_1              0x00000173   Thumb Code     0  libinit2.o(.ARM.Collect$$libinit$$00000017)
    __rt_lib_init_lc_numeric_1               0x00000173   Thumb Code     0  libinit2.o(.ARM.Collect$$libinit$$00000019)
    __rt_lib_init_lc_time_1                  0x00000173   Thumb Code     0  libinit2.o(.ARM.Collect$$libinit$$0000001B)
    __rt_lib_init_preinit_1                  0x00000173   Thumb Code     0  libinit2.o(.ARM.Collect$$libinit$$00000006)
    __rt_lib_init_rand_1                     0x00000173   Thumb Code     0  libinit2.o(.ARM.Collect$$libinit$$00000010)
    __rt_lib_init_relocate_pie_1             0x00000173   Thumb Code     0  libinit2.o(.ARM.Collect$$libinit$$00000004)
    __rt_lib_init_return                     0x00000173   Thumb Code     0  libinit2.o(.ARM.Collect$$libinit$$00000035)
    __rt_lib_init_signal_1                   0x00000173   Thumb Code     0  libinit2.o(.ARM.Collect$$libinit$$0000001F)
    __rt_lib_init_stdio_1                    0x00000173   Thumb Code     0  libinit2.o(.ARM.Collect$$libinit$$00000027)
    __rt_lib_init_user_alloc_1               0x00000173   Thumb Code     0  libinit2.o(.ARM.Collect$$libinit$$0000000E)
    __rt_lib_shutdown                        0x00000175   Thumb Code     0  libshutdown.o(.ARM.Collect$$libshutdown$$00000000)
    __rt_lib_shutdown_cpp_1                  0x00000177   Thumb Code     0  libshutdown2.o(.ARM.Collect$$libshutdown$$00000002)
    __rt_lib_shutdown_fp_trap_1              0x00000177   Thumb Code     0  libshutdown2.o(.ARM.Collect$$libshutdown$$00000007)
    __rt_lib_shutdown_heap_1                 0x00000177   Thumb Code     0  libshutdown2.o(.ARM.Collect$$libshutdown$$0000000F)
    __rt_lib_shutdown_return                 0x00000177   Thumb Code     0  libshutdown2.o(.ARM.Collect$$libshutdown$$00000010)
    __rt_lib_shutdown_signal_1               0x00000177   Thumb Code     0  libshutdown2.o(.ARM.Collect$$libshutdown$$0000000A)
    __rt_lib_shutdown_stdio_1                0x00000177   Thumb Code     0  libshutdown2.o(.ARM.Collect$$libshutdown$$00000004)
    __rt_lib_shutdown_user_alloc_1           0x00000177   Thumb Code     0  libshutdown2.o(.ARM.Collect$$libshutdown$$0000000C)
    __rt_entry                               0x00000179   Thumb Code     0  __rtentry.o(.ARM.Collect$$rtentry$$00000000)
    __rt_entry_presh_1                       0x00000179   Thumb Code     0  __rtentry2.o(.ARM.Collect$$rtentry$$00000002)
    __rt_entry_sh                            0x00000179   Thumb Code     0  __rtentry4.o(.ARM.Collect$$rtentry$$00000004)
    __rt_entry_li                            0x0000017f   Thumb Code     0  __rtentry2.o(.ARM.Collect$$rtentry$$0000000A)
    __rt_entry_postsh_1                      0x0000017f   Thumb Code     0  __rtentry2.o(.ARM.Collect$$rtentry$$00000009)
    __rt_entry_main                          0x00000183   Thumb Code     0  __rtentry2.o(.ARM.Collect$$rtentry$$0000000D)
    __rt_entry_postli_1                      0x00000183   Thumb Code     0  __rtentry2.o(.ARM.Collect$$rtentry$$0000000C)
    __rt_exit                                0x0000018b   Thumb Code     0  rtexit.o(.ARM.Collect$$rtexit$$00000000)
    __rt_exit_ls                             0x0000018d   Thumb Code     0  rtexit2.o(.ARM.Collect$$rtexit$$00000003)
    __rt_exit_prels_1                        0x0000018d   Thumb Code     0  rtexit2.o(.ARM.Collect$$rtexit$$00000002)
    __rt_exit_exit                           0x00000191   Thumb Code     0  rtexit2.o(.ARM.Collect$$rtexit$$00000004)
    __aeabi_uidiv                            0x00000199   Thumb Code     0  aeabi_sdiv.o(.text)
    __aeabi_uidivmod                         0x00000199   Thumb Code    20  aeabi_sdiv.o(.text)
    __aeabi_idiv                             0x000001ad   Thumb Code     0  aeabi_sdiv.o(.text)
    __aeabi_idivmod                          0x000001ad   Thumb Code   338  aeabi_sdiv.o(.text)
    __use_two_region_memory                  0x00000305   Thumb Code     2  heapauxi.o(.text)
    __rt_heap_escrow$2region                 0x00000307   Thumb Code     2  heapauxi.o(.text)
    __rt_heap_expand$2region                 0x00000309   Thumb Code     2  heapauxi.o(.text)
    __aeabi_dadd                             0x00000605   Thumb Code     0  daddsub.o(.text)
    _dadd                                    0x00000605   Thumb Code    26  daddsub.o(.text)
    __aeabi_dsub                             0x0000061f   Thumb Code     0  daddsub.o(.text)
    _dsub                                    0x0000061f   Thumb Code    22  daddsub.o(.text)
    __aeabi_drsub                            0x00000635   Thumb Code     0  daddsub.o(.text)
    _drsb                                    0x00000635   Thumb Code    28  daddsub.o(.text)
    __aeabi_d2iz                             0x00000665   Thumb Code     0  dfixi.o(.text)
    _dfix                                    0x00000665   Thumb Code    98  dfixi.o(.text)
    __aeabi_i2d_normalise                    0x000006d1   Thumb Code    66  dflti.o(.text)
    __aeabi_i2d                              0x00000713   Thumb Code    16  dflti.o(.text)
    _dflt                                    0x00000713   Thumb Code     0  dflti.o(.text)
    __aeabi_ui2d                             0x00000723   Thumb Code     6  dflti.o(.text)
    _dfltu                                   0x00000723   Thumb Code     0  dflti.o(.text)
    __aeabi_dmul                             0x00000729   Thumb Code     0  dmul.o(.text)
    _dmul                                    0x00000729   Thumb Code   558  dmul.o(.text)
    __user_setup_stackheap                   0x00000971   Thumb Code    62  sys_stackheap_outer.o(.text)
    exit                                     0x000009af   Thumb Code    16  exit.o(.text)
    __user_libspace                          0x000009c1   Thumb Code     8  libspace.o(.text)
    __user_perproc_libspace                  0x000009c1   Thumb Code     0  libspace.o(.text)
    __user_perthread_libspace                0x000009c1   Thumb Code     0  libspace.o(.text)
    ADC_Handler                              0x000009c9   Thumb Code     2  pt32f0xx_it.o(.text.ADC_Handler)
    CLK_FAIL_Handler                         0x000009cb   Thumb Code     2  pt32f0xx_it.o(.text.CLK_FAIL_Handler)
    Comparator0_Handler                      0x000009cd   Thumb Code     2  pt32f0xx_it.o(.text.Comparator0_Handler)
    Comparator1_Handler                      0x000009cf   Thumb Code     2  pt32f0xx_it.o(.text.Comparator1_Handler)
    FLASH_Handler                            0x000009d1   Thumb Code     2  pt32f0xx_it.o(.text.FLASH_Handler)
    GPIO_ClearFlag                           0x000009d3   Thumb Code    16  pt32f0xx_gpio.o(.text.GPIO_ClearFlag)
    GPIO_GetFlagStatus                       0x000009e3   Thumb Code    48  pt32f0xx_gpio.o(.text.GPIO_GetFlagStatus)
    GPIO_Init                                0x00000a13   Thumb Code   190  pt32f0xx_gpio.o(.text.GPIO_Init)
    GPIO_PinAFConfig                         0x00000ad1   Thumb Code   100  pt32f0xx_gpio.o(.text.GPIO_PinAFConfig)
    GPIO_ReverseBits                         0x00000b39   Thumb Code    22  pt32f0xx_gpio.o(.text.GPIO_ReverseBits)
    GPIO_SetBits                             0x00000b4f   Thumb Code    22  pt32f0xx_gpio.o(.text.GPIO_SetBits)
    HardFault_Handler                        0x00000b65   Thumb Code     4  pt32f0xx_it.o(.text.HardFault_Handler)
    I2C0_Handler                             0x00000b69   Thumb Code     2  pt32f0xx_it.o(.text.I2C0_Handler)
    I2C1_Handler                             0x00000b6b   Thumb Code     2  pt32f0xx_it.o(.text.I2C1_Handler)
    LED_Handler                              0x00000b6d   Thumb Code     2  pt32f0xx_it.o(.text.LED_Handler)
    LED_Init                                 0x00000b71   Thumb Code    96  led.o(.text.LED_Init)
    LVD_Handler                              0x00000bd5   Thumb Code     2  pt32f0xx_it.o(.text.LVD_Handler)
    NMI_Handler                              0x00000bd7   Thumb Code     2  pt32f0xx_it.o(.text.NMI_Handler)
    PA_Handler                               0x00000bd9   Thumb Code    64  pt32f0xx_it.o(.text.PA_Handler)
    PB_Handler                               0x00000c19   Thumb Code     2  pt32f0xx_it.o(.text.PB_Handler)
    PF_Handler                               0x00000c1b   Thumb Code     2  pt32f0xx_it.o(.text.PF_Handler)
    PVD_Handler                              0x00000c1d   Thumb Code     2  pt32f0xx_it.o(.text.PVD_Handler)
    PWM_ClearFlag                            0x00000c1f   Thumb Code    16  pt32f0xx_pwm.o(.text.PWM_ClearFlag)
    PWM_Cmd                                  0x00000c2f   Thumb Code    44  pt32f0xx_pwm.o(.text.PWM_Cmd)
    PWM_GetCaptureCounter                    0x00000c5b   Thumb Code   100  pt32f0xx_pwm.o(.text.PWM_GetCaptureCounter)
    PWM_GetFlagStatus                        0x00000cbf   Thumb Code    42  pt32f0xx_pwm.o(.text.PWM_GetFlagStatus)
    PendSV_Handler                           0x00000ce9   Thumb Code     2  pt32f0xx_it.o(.text.PendSV_Handler)
    SPI0_Handler                             0x00000ceb   Thumb Code     2  pt32f0xx_it.o(.text.SPI0_Handler)
    SPI1_Handler                             0x00000ced   Thumb Code     2  pt32f0xx_it.o(.text.SPI1_Handler)
    SVC_Handler                              0x00000cef   Thumb Code     2  pt32f0xx_it.o(.text.SVC_Handler)
    SWDG_Handler                             0x00000cf1   Thumb Code     2  pt32f0xx_it.o(.text.SWDG_Handler)
    SysTick_Handler                          0x00000d45   Thumb Code     8  pt32f0xx_it.o(.text.SysTick_Handler)
    SystemInit                               0x00000d4d   Thumb Code   120  system_pt32f0xx.o(.text.SystemInit)
    System_GetClocksFreq                     0x00000dd1   Thumb Code   216  pt32f0xx_sys.o(.text.System_GetClocksFreq)
    Systick_Init                             0x00000eb5   Thumb Code    12  systick.o(.text.Systick_Init)
    TIMER0_Handler                           0x00000ec5   Thumb Code     2  pt32f0xx_it.o(.text.TIMER0_Handler)
    TIMER1_Handler                           0x00000ec9   Thumb Code   184  pt32f0xx_it.o(.text.TIMER1_Handler)
    TIMER2_Handler                           0x00000f99   Thumb Code     2  pt32f0xx_it.o(.text.TIMER2_Handler)
    TIMER3_Handler                           0x00000f9d   Thumb Code    84  pt32f0xx_it.o(.text.TIMER3_Handler)
    TIMER4_Handler                           0x00000ffd   Thumb Code     2  pt32f0xx_it.o(.text.TIMER4_Handler)
    TIM_ClearFlag                            0x00000fff   Thumb Code    16  pt32f0xx_tim.o(.text.TIM_ClearFlag)
    TIM_GetFlagStatus                        0x0000100f   Thumb Code    42  pt32f0xx_tim.o(.text.TIM_GetFlagStatus)
    TaskDisplayLED_B                         0x00001039   Thumb Code    40  led.o(.text.TaskDisplayLED_B)
    TaskDisplayLED_G                         0x00001065   Thumb Code    36  led.o(.text.TaskDisplayLED_G)
    TaskDisplayLED_R                         0x0000108d   Thumb Code    36  led.o(.text.TaskDisplayLED_R)
    TaskProcess                              0x000010bd   Thumb Code    80  task.o(.text.TaskProcess)
    TaskRemarks                              0x0000110d   Thumb Code   112  task.o(.text.TaskRemarks)
    UART0_Handler                            0x00001181   Thumb Code     2  pt32f0xx_it.o(.text.UART0_Handler)
    UART1_Handler                            0x00001183   Thumb Code     2  pt32f0xx_it.o(.text.UART1_Handler)
    UART_Cmd                                 0x00001185   Thumb Code    44  pt32f0xx_uart.o(.text.UART_Cmd)
    UART_Init                                0x000011b1   Thumb Code   288  pt32f0xx_uart.o(.text.UART_Init)
    UART_SendData                            0x000012d5   Thumb Code    40  pt32f0xx_uart.o(.text.UART_SendData)
    UART_StringSend                          0x00001301   Thumb Code    66  pt32f0xx_uart.o(.text.UART_StringSend)
    Uart_Init                                0x00001345   Thumb Code    76  uart.o(.text.Uart_Init)
    _sys_exit                                0x0000141d   Thumb Code     8  pt32f0xx_retarget.o(.text._sys_exit)
    main                                     0x00001425   Thumb Code    28  main.o(.text.main)
    Region$$Table$$Base                      0x00001440   Number         0  anon$$obj.o(Region$$Table)
    __I$use$fp                               0x00001440   Number         0  usenofp.o(x$fpl$usenofp)
    Region$$Table$$Limit                     0x00001460   Number         0  anon$$obj.o(Region$$Table)
    __libspace_start                         0x20000018   Data          96  libspace.o(.bss)
    IntOverflowCount                         0x20000078   Data           4  pt32f0xx_it.o(.bss.IntOverflowCount)
    __temporary_stack_top$libspace           0x20000078   Data           0  libspace.o(.bss)



==============================================================================

Memory Map of the image

  Image Entry point : 0x000000c1

  Load Region LR_1 (Base: 0x00000000, Size: 0x00001478, Max: 0xffffffff, ABSOLUTE)

    Execution Region ER_RO (Exec base: 0x00000000, Load base: 0x00000000, Size: 0x00001460, Max: 0xffffffff, ABSOLUTE)

    Exec Addr    Load Addr    Size         Type   Attr      Idx    E Section Name        Object

    0x00000000   0x00000000   0x000000f4   Code   RO          204  * RESET               startup_pt32f031.o
    0x000000f4   0x000000f4   0x00000008   Code   RO          796  * !!!main             c_p.l(__main.o)
    0x000000fc   0x000000fc   0x0000003c   Code   RO          978    !!!scatter          c_p.l(__scatter.o)
    0x00000138   0x00000138   0x0000001a   Code   RO          980    !!handler_copy      c_p.l(__scatter_copy.o)
    0x00000152   0x00000152   0x00000002   PAD
    0x00000154   0x00000154   0x0000001c   Code   RO          982    !!handler_zi        c_p.l(__scatter_zi.o)
    0x00000170   0x00000170   0x00000002   Code   RO          843    .ARM.Collect$$libinit$$00000000  c_p.l(libinit.o)
    0x00000172   0x00000172   0x00000000   Code   RO          857    .ARM.Collect$$libinit$$00000002  c_p.l(libinit2.o)
    0x00000172   0x00000172   0x00000000   Code   RO          859    .ARM.Collect$$libinit$$00000004  c_p.l(libinit2.o)
    0x00000172   0x00000172   0x00000000   Code   RO          861    .ARM.Collect$$libinit$$00000006  c_p.l(libinit2.o)
    0x00000172   0x00000172   0x00000000   Code   RO          864    .ARM.Collect$$libinit$$0000000C  c_p.l(libinit2.o)
    0x00000172   0x00000172   0x00000000   Code   RO          866    .ARM.Collect$$libinit$$0000000E  c_p.l(libinit2.o)
    0x00000172   0x00000172   0x00000000   Code   RO          868    .ARM.Collect$$libinit$$00000010  c_p.l(libinit2.o)
    0x00000172   0x00000172   0x00000000   Code   RO          871    .ARM.Collect$$libinit$$00000013  c_p.l(libinit2.o)
    0x00000172   0x00000172   0x00000000   Code   RO          873    .ARM.Collect$$libinit$$00000015  c_p.l(libinit2.o)
    0x00000172   0x00000172   0x00000000   Code   RO          875    .ARM.Collect$$libinit$$00000017  c_p.l(libinit2.o)
    0x00000172   0x00000172   0x00000000   Code   RO          877    .ARM.Collect$$libinit$$00000019  c_p.l(libinit2.o)
    0x00000172   0x00000172   0x00000000   Code   RO          879    .ARM.Collect$$libinit$$0000001B  c_p.l(libinit2.o)
    0x00000172   0x00000172   0x00000000   Code   RO          881    .ARM.Collect$$libinit$$0000001D  c_p.l(libinit2.o)
    0x00000172   0x00000172   0x00000000   Code   RO          883    .ARM.Collect$$libinit$$0000001F  c_p.l(libinit2.o)
    0x00000172   0x00000172   0x00000000   Code   RO          885    .ARM.Collect$$libinit$$00000021  c_p.l(libinit2.o)
    0x00000172   0x00000172   0x00000000   Code   RO          887    .ARM.Collect$$libinit$$00000023  c_p.l(libinit2.o)
    0x00000172   0x00000172   0x00000000   Code   RO          889    .ARM.Collect$$libinit$$00000025  c_p.l(libinit2.o)
    0x00000172   0x00000172   0x00000000   Code   RO          891    .ARM.Collect$$libinit$$00000027  c_p.l(libinit2.o)
    0x00000172   0x00000172   0x00000000   Code   RO          895    .ARM.Collect$$libinit$$0000002E  c_p.l(libinit2.o)
    0x00000172   0x00000172   0x00000000   Code   RO          897    .ARM.Collect$$libinit$$00000030  c_p.l(libinit2.o)
    0x00000172   0x00000172   0x00000000   Code   RO          899    .ARM.Collect$$libinit$$00000032  c_p.l(libinit2.o)
    0x00000172   0x00000172   0x00000000   Code   RO          901    .ARM.Collect$$libinit$$00000034  c_p.l(libinit2.o)
    0x00000172   0x00000172   0x00000002   Code   RO          902    .ARM.Collect$$libinit$$00000035  c_p.l(libinit2.o)
    0x00000174   0x00000174   0x00000002   Code   RO          930    .ARM.Collect$$libshutdown$$00000000  c_p.l(libshutdown.o)
    0x00000176   0x00000176   0x00000000   Code   RO          961    .ARM.Collect$$libshutdown$$00000002  c_p.l(libshutdown2.o)
    0x00000176   0x00000176   0x00000000   Code   RO          963    .ARM.Collect$$libshutdown$$00000004  c_p.l(libshutdown2.o)
    0x00000176   0x00000176   0x00000000   Code   RO          966    .ARM.Collect$$libshutdown$$00000007  c_p.l(libshutdown2.o)
    0x00000176   0x00000176   0x00000000   Code   RO          969    .ARM.Collect$$libshutdown$$0000000A  c_p.l(libshutdown2.o)
    0x00000176   0x00000176   0x00000000   Code   RO          971    .ARM.Collect$$libshutdown$$0000000C  c_p.l(libshutdown2.o)
    0x00000176   0x00000176   0x00000000   Code   RO          974    .ARM.Collect$$libshutdown$$0000000F  c_p.l(libshutdown2.o)
    0x00000176   0x00000176   0x00000002   Code   RO          975    .ARM.Collect$$libshutdown$$00000010  c_p.l(libshutdown2.o)
    0x00000178   0x00000178   0x00000000   Code   RO          806    .ARM.Collect$$rtentry$$00000000  c_p.l(__rtentry.o)
    0x00000178   0x00000178   0x00000000   Code   RO          813    .ARM.Collect$$rtentry$$00000002  c_p.l(__rtentry2.o)
    0x00000178   0x00000178   0x00000006   Code   RO          825    .ARM.Collect$$rtentry$$00000004  c_p.l(__rtentry4.o)
    0x0000017e   0x0000017e   0x00000000   Code   RO          815    .ARM.Collect$$rtentry$$00000009  c_p.l(__rtentry2.o)
    0x0000017e   0x0000017e   0x00000004   Code   RO          816    .ARM.Collect$$rtentry$$0000000A  c_p.l(__rtentry2.o)
    0x00000182   0x00000182   0x00000000   Code   RO          818    .ARM.Collect$$rtentry$$0000000C  c_p.l(__rtentry2.o)
    0x00000182   0x00000182   0x00000008   Code   RO          819    .ARM.Collect$$rtentry$$0000000D  c_p.l(__rtentry2.o)
    0x0000018a   0x0000018a   0x00000002   Code   RO          848    .ARM.Collect$$rtexit$$00000000  c_p.l(rtexit.o)
    0x0000018c   0x0000018c   0x00000000   Code   RO          904    .ARM.Collect$$rtexit$$00000002  c_p.l(rtexit2.o)
    0x0000018c   0x0000018c   0x00000004   Code   RO          905    .ARM.Collect$$rtexit$$00000003  c_p.l(rtexit2.o)
    0x00000190   0x00000190   0x00000006   Code   RO          906    .ARM.Collect$$rtexit$$00000004  c_p.l(rtexit2.o)
    0x00000196   0x00000196   0x00000002   PAD
    0x00000198   0x00000198   0x0000016c   Code   RO          790    .text               c_p.l(aeabi_sdiv.o)
    0x00000304   0x00000304   0x00000006   Code   RO          794    .text               c_p.l(heapauxi.o)
    0x0000030a   0x0000030a   0x00000002   PAD
    0x0000030c   0x0000030c   0x00000358   Code   RO          798    .text               fz_ps.l(daddsub.o)
    0x00000664   0x00000664   0x0000006c   Code   RO          800    .text               fz_ps.l(dfixi.o)
    0x000006d0   0x000006d0   0x00000058   Code   RO          802    .text               fz_ps.l(dflti.o)
    0x00000728   0x00000728   0x00000248   Code   RO          804    .text               fz_ps.l(dmul.o)
    0x00000970   0x00000970   0x0000003e   Code   RO          829    .text               c_p.l(sys_stackheap_outer.o)
    0x000009ae   0x000009ae   0x00000010   Code   RO          832    .text               c_p.l(exit.o)
    0x000009be   0x000009be   0x00000002   PAD
    0x000009c0   0x000009c0   0x00000008   Code   RO          844    .text               c_p.l(libspace.o)
    0x000009c8   0x000009c8   0x00000002   Code   RO           37    .text.ADC_Handler   pt32f0xx_it.o
    0x000009ca   0x000009ca   0x00000002   Code   RO           23    .text.CLK_FAIL_Handler  pt32f0xx_it.o
    0x000009cc   0x000009cc   0x00000002   Code   RO           33    .text.Comparator0_Handler  pt32f0xx_it.o
    0x000009ce   0x000009ce   0x00000002   Code   RO           35    .text.Comparator1_Handler  pt32f0xx_it.o
    0x000009d0   0x000009d0   0x00000002   Code   RO           25    .text.FLASH_Handler  pt32f0xx_it.o
    0x000009d2   0x000009d2   0x00000010   Code   RO          261    .text.GPIO_ClearFlag  pt32f0xx_gpio.o
    0x000009e2   0x000009e2   0x00000030   Code   RO          259    .text.GPIO_GetFlagStatus  pt32f0xx_gpio.o
    0x00000a12   0x00000a12   0x000000be   Code   RO          223    .text.GPIO_Init     pt32f0xx_gpio.o
    0x00000ad0   0x00000ad0   0x00000068   Code   RO          251    .text.GPIO_PinAFConfig  pt32f0xx_gpio.o
    0x00000b38   0x00000b38   0x00000016   Code   RO          245    .text.GPIO_ReverseBits  pt32f0xx_gpio.o
    0x00000b4e   0x00000b4e   0x00000016   Code   RO          241    .text.GPIO_SetBits  pt32f0xx_gpio.o
    0x00000b64   0x00000b64   0x00000004   Code   RO           13    .text.HardFault_Handler  pt32f0xx_it.o
    0x00000b68   0x00000b68   0x00000002   Code   RO           47    .text.I2C0_Handler  pt32f0xx_it.o
    0x00000b6a   0x00000b6a   0x00000002   Code   RO           49    .text.I2C1_Handler  pt32f0xx_it.o
    0x00000b6c   0x00000b6c   0x00000002   Code   RO           51    .text.LED_Handler   pt32f0xx_it.o
    0x00000b6e   0x00000b6e   0x00000002   PAD
    0x00000b70   0x00000b70   0x00000064   Code   RO           77    .text.LED_Init      led.o
    0x00000bd4   0x00000bd4   0x00000002   Code   RO           65    .text.LVD_Handler   pt32f0xx_it.o
    0x00000bd6   0x00000bd6   0x00000002   Code   RO           11    .text.NMI_Handler   pt32f0xx_it.o
    0x00000bd8   0x00000bd8   0x00000040   Code   RO           27    .text.PA_Handler    pt32f0xx_it.o
    0x00000c18   0x00000c18   0x00000002   Code   RO           29    .text.PB_Handler    pt32f0xx_it.o
    0x00000c1a   0x00000c1a   0x00000002   Code   RO           31    .text.PF_Handler    pt32f0xx_it.o
    0x00000c1c   0x00000c1c   0x00000002   Code   RO           63    .text.PVD_Handler   pt32f0xx_it.o
    0x00000c1e   0x00000c1e   0x00000010   Code   RO          528    .text.PWM_ClearFlag  pt32f0xx_pwm.o
    0x00000c2e   0x00000c2e   0x0000002c   Code   RO          518    .text.PWM_Cmd       pt32f0xx_pwm.o
    0x00000c5a   0x00000c5a   0x00000064   Code   RO          536    .text.PWM_GetCaptureCounter  pt32f0xx_pwm.o
    0x00000cbe   0x00000cbe   0x0000002a   Code   RO          526    .text.PWM_GetFlagStatus  pt32f0xx_pwm.o
    0x00000ce8   0x00000ce8   0x00000002   Code   RO           17    .text.PendSV_Handler  pt32f0xx_it.o
    0x00000cea   0x00000cea   0x00000002   Code   RO           39    .text.SPI0_Handler  pt32f0xx_it.o
    0x00000cec   0x00000cec   0x00000002   Code   RO           41    .text.SPI1_Handler  pt32f0xx_it.o
    0x00000cee   0x00000cee   0x00000002   Code   RO           15    .text.SVC_Handler   pt32f0xx_it.o
    0x00000cf0   0x00000cf0   0x00000002   Code   RO           21    .text.SWDG_Handler  pt32f0xx_it.o
    0x00000cf2   0x00000cf2   0x00000002   PAD
    0x00000cf4   0x00000cf4   0x00000050   Code   RO           95    .text.SysTick_Config  systick.o
    0x00000d44   0x00000d44   0x00000008   Code   RO           19    .text.SysTick_Handler  pt32f0xx_it.o
    0x00000d4c   0x00000d4c   0x00000084   Code   RO          213    .text.SystemInit    system_pt32f0xx.o
    0x00000dd0   0x00000dd0   0x000000e4   Code   RO          637    .text.System_GetClocksFreq  pt32f0xx_sys.o
    0x00000eb4   0x00000eb4   0x00000010   Code   RO           93    .text.Systick_Init  systick.o
    0x00000ec4   0x00000ec4   0x00000002   Code   RO           53    .text.TIMER0_Handler  pt32f0xx_it.o
    0x00000ec6   0x00000ec6   0x00000002   PAD
    0x00000ec8   0x00000ec8   0x000000d0   Code   RO           55    .text.TIMER1_Handler  pt32f0xx_it.o
    0x00000f98   0x00000f98   0x00000002   Code   RO           57    .text.TIMER2_Handler  pt32f0xx_it.o
    0x00000f9a   0x00000f9a   0x00000002   PAD
    0x00000f9c   0x00000f9c   0x00000060   Code   RO           59    .text.TIMER3_Handler  pt32f0xx_it.o
    0x00000ffc   0x00000ffc   0x00000002   Code   RO           61    .text.TIMER4_Handler  pt32f0xx_it.o
    0x00000ffe   0x00000ffe   0x00000010   Code   RO          696    .text.TIM_ClearFlag  pt32f0xx_tim.o
    0x0000100e   0x0000100e   0x0000002a   Code   RO          694    .text.TIM_GetFlagStatus  pt32f0xx_tim.o
    0x00001038   0x00001038   0x0000002c   Code   RO           83    .text.TaskDisplayLED_B  led.o
    0x00001064   0x00001064   0x00000028   Code   RO           81    .text.TaskDisplayLED_G  led.o
    0x0000108c   0x0000108c   0x00000030   Code   RO           79    .text.TaskDisplayLED_R  led.o
    0x000010bc   0x000010bc   0x00000050   Code   RO          108    .text.TaskProcess   task.o
    0x0000110c   0x0000110c   0x00000074   Code   RO          106    .text.TaskRemarks   task.o
    0x00001180   0x00001180   0x00000002   Code   RO           43    .text.UART0_Handler  pt32f0xx_it.o
    0x00001182   0x00001182   0x00000002   Code   RO           45    .text.UART1_Handler  pt32f0xx_it.o
    0x00001184   0x00001184   0x0000002c   Code   RO          709    .text.UART_Cmd      pt32f0xx_uart.o
    0x000011b0   0x000011b0   0x00000124   Code   RO          705    .text.UART_Init     pt32f0xx_uart.o
    0x000012d4   0x000012d4   0x0000002c   Code   RO          723    .text.UART_SendData  pt32f0xx_uart.o
    0x00001300   0x00001300   0x00000042   Code   RO          725    .text.UART_StringSend  pt32f0xx_uart.o
    0x00001342   0x00001342   0x00000002   PAD
    0x00001344   0x00001344   0x00000054   Code   RO          118    .text.Uart_Init     uart.o
    0x00001398   0x00001398   0x00000084   Code   RO           97    .text.__NVIC_SetPriority  systick.o
    0x0000141c   0x0000141c   0x00000008   Code   RO          580    .text._sys_exit     pt32f0xx_retarget.o
    0x00001424   0x00001424   0x0000001c   Code   RO            2    .text.main          main.o
    0x00001440   0x00001440   0x00000000   Code   RO          811    x$fpl$usenofp       fz_ps.l(usenofp.o)
    0x00001440   0x00001440   0x00000020   Data   RO          977    Region$$Table       anon$$obj.o


    Execution Region ER_RW (Exec base: 0x20000000, Load base: 0x00001460, Size: 0x00000018, Max: 0xffffffff, ABSOLUTE)

    Exec Addr    Load Addr    Size         Type   Attr      Idx    E Section Name        Object

    0x20000000   0x00001460   0x00000018   Data   RW          110    .data.TaskComps     task.o


    Execution Region ER_ZI (Exec base: 0x20000018, Load base: 0x00001478, Size: 0x00000268, Max: 0xffffffff, ABSOLUTE)

    Exec Addr    Load Addr    Size         Type   Attr      Idx    E Section Name        Object

    0x20000018        -       0x00000060   Zero   RW          845    .bss                c_p.l(libspace.o)
    0x20000078        -       0x00000004   Zero   RW           67    .bss.IntOverflowCount  pt32f0xx_it.o
    0x2000007c        -       0x00000004   Zero   RW           69    .bss.count          pt32f0xx_it.o
    0x20000080        -       0x00000000   Zero   RW          203    HEAP                startup_pt32f031.o
    0x20000080        -       0x00000200   Zero   RW          202    STACK               startup_pt32f031.o


==============================================================================

Image component sizes


      Code (inc. data)   RO Data    RW Data    ZI Data      Debug   Object Name

       232         24          0          0          0       2631   led.o
        28          0          0          0          0        374   main.o
       402          4          0          0          0       6247   pt32f0xx_gpio.o
       426         36          0          0          8       5203   pt32f0xx_it.o
       202          0          0          0          0       7389   pt32f0xx_pwm.o
         8          0          0          0          0       1173   pt32f0xx_retarget.o
       228         12          0          0          0       4091   pt32f0xx_sys.o
        58          0          0          0          0       3136   pt32f0xx_tim.o
       446          8          0          0          0       6061   pt32f0xx_uart.o
       244        214          0          0        512        620   startup_pt32f031.o
       132         12          0          0          0       2085   system_pt32f0xx.o
       228         24          0          0          0       2430   systick.o
       196          4          0         24          0       1119   task.o
        84          8          0          0          0       2321   uart.o

    ----------------------------------------------------------------------
      2924        346         32         24        520      44880   Object Totals
         0          0         32          0          0          0   (incl. Generated)
        10          0          0          0          0          0   (incl. Padding)

    ----------------------------------------------------------------------

      Code (inc. data)   RO Data    RW Data    ZI Data      Debug   Library Member Name

         8          0          0          0          0         68   __main.o
         0          0          0          0          0          0   __rtentry.o
        12          0          0          0          0          0   __rtentry2.o
         6          0          0          0          0          0   __rtentry4.o
        60          8          0          0          0          0   __scatter.o
        26          0          0          0          0          0   __scatter_copy.o
        28          0          0          0          0          0   __scatter_zi.o
       364          4          0          0          0         92   aeabi_sdiv.o
        16          0          0          0          0         68   exit.o
         6          0          0          0          0        136   heapauxi.o
         2          0          0          0          0          0   libinit.o
         2          0          0          0          0          0   libinit2.o
         2          0          0          0          0          0   libshutdown.o
         2          0          0          0          0          0   libshutdown2.o
         8          4          0          0         96         68   libspace.o
         2          0          0          0          0          0   rtexit.o
        10          0          0          0          0          0   rtexit2.o
        62          0          0          0          0         80   sys_stackheap_outer.o
       856         20          0          0          0        208   daddsub.o
       108         10          0          0          0         72   dfixi.o
        88          0          0          0          0         92   dflti.o
       584         26          0          0          0         84   dmul.o
         0          0          0          0          0          0   usenofp.o

    ----------------------------------------------------------------------
      2260         72          0          0         96        968   Library Totals
         8          0          0          0          0          0   (incl. Padding)

    ----------------------------------------------------------------------

      Code (inc. data)   RO Data    RW Data    ZI Data      Debug   Library Name

       616         16          0          0         96        512   c_p.l
      1636         56          0          0          0        456   fz_ps.l

    ----------------------------------------------------------------------
      2260         72          0          0         96        968   Library Totals

    ----------------------------------------------------------------------

==============================================================================


      Code (inc. data)   RO Data    RW Data    ZI Data      Debug   

      5184        418         32         24        616      45384   Grand Totals
      5184        418         32         24        616      45384   ELF Image Totals
      5184        418         32         24          0          0   ROM Totals

==============================================================================

    Total RO  Size (Code + RO Data)                 5216 (   5.09kB)
    Total RW  Size (RW Data + ZI Data)               640 (   0.62kB)
    Total ROM Size (Code + RO Data + RW Data)       5240 (   5.12kB)

==============================================================================

