<html>
<body>
<pre>
<h1>µVision Build Log</h1>
<h2>Tool Versions:</h2>
IDE-Version: ¦ÌVision V5.37.0.0
Copyright (C) 2022 ARM Ltd and ARM Germany GmbH. All rights reserved.
License Information: 1 chenjie, 1, LIC=----
 
Tool Versions:
Toolchain:       MDK-Lite  Version: 5.37.0.0
Toolchain Path:  C:\Keil_v5\ARM\ARMCLANG\Bin
C Compiler:      ArmClang.exe V6.18
Assembler:       Armasm.exe V6.18
Linker/Locator:  ArmLink.exe V6.18
Library Manager: ArmAr.exe V6.18
Hex Converter:   FromElf.exe V6.18
CPU DLL:         SARMCM3.DLL V5.37.0.0
Dialog DLL:      DARMCM1.DLL V1.19.6.0
Target DLL:      Segger\JL2CM3.dll V2.99.36.0
Dialog DLL:      TARMCM1.DLL V1.14.6.0
 
<h2>Project:</h2>
D:\workspace\PT32F0\Template\PROJECT\Project.uvprojx
Project File Date:  11/16/2022

<h2>Output:</h2>
*** Using Compiler 'V6.18', folder: 'C:\Keil_v5\ARM\ARMCLANG\Bin'
Rebuild target 'Target 1'
compiling uart.c...
compiling capture.c...
compiling LED.c...
compiling main.c...
compiling task.c...
compiling timer.c...
compiling Systick.c...
compiling pt32f0xx_it.c...
compiling pwm.c...
compiling key.c...
compiling SPI.c...
compiling I2C.c...
compiling ADC.c...
compiling system_pt32f0xx.c...
assembling startup_pt32f031.s...
compiling pt32f0xx_gpio.c...
compiling pt32f0xx_adc.c...
compiling pt32f0xx_ana.c...
compiling pt32f0xx_beep.c...
compiling pt32f0xx_flash.c...
compiling pt32f0xx_misc.c...
compiling pt32f0xx_cmp_opa.c...
compiling pt32f0xx_i2c.c...
compiling pt32f0xx_crc.c...
compiling pt32f0xx_pwr.c...
compiling pt32f0xx_retarget.c...
compiling pt32f0xx_pwm.c...
compiling pt32f0xx_serial.c...
compiling pt32f0xx_spi.c...
compiling pt32f0xx_sys.c...
compiling pt32f0xx_tim.c...
compiling pt32f0xx_uart.c...
compiling pt32f0xx_wdg.c...
linking...
Program Size: Code=5184 RO-data=32 RW-data=24 ZI-data=616  
".\Objects\Project.axf" - 0 Error(s), 0 Warning(s).

<h2>Software Packages used:</h2>

Package Vendor: ARM
                http://www.keil.com/pack/ARM.CMSIS.5.9.0.pack
                ARM.CMSIS.5.9.0
                CMSIS (Common Microcontroller Software Interface Standard)
   * Component: CORE Version: 5.6.0

<h2>Collection of Component include folders:</h2>
  ./RTE/_Target_1
  C:/Users/chenjie/AppData/Local/Arm/Packs/ARM/CMSIS/5.9.0/CMSIS/Core/Include
  C:/Users/chenjie/AppData/Local/Arm/Packs/ARM/CMSIS/5.9.0/Device/ARM/ARMCM0/Include

<h2>Collection of Component Files used:</h2>

   * Component: ARM::CMSIS:CORE:5.6.0
Build Time Elapsed:  00:00:02
</pre>
</body>
</html>
